[2025-04-11 16:21:35.664] 日志系统初始化完成
[2025-04-11 16:21:35.664] 开始自动码垛任务
[2025-04-11 16:21:35.685] 顶吸取料点x: -650.51 , 顶吸取料点y: 834.44 , 顶吸取料点z: 866 , 顶吸取料点rx: 178.91 , 顶吸取料点ry: 178.74 , 顶吸取料点rz: -179.94 
[2025-04-11 16:21:35.685] 顶吸放置位姿rx: 178.91 , 顶吸放置位姿ry: 178.74 , 顶吸放置位姿rz: -179.94 
[2025-04-11 16:21:35.685] 侧吸取料点x: -306.11 , 侧吸取料点y: 832.83 , 侧吸取料点z: 694.42 , 侧吸取料点rx: 180 , 侧吸取料点ry: 90 , 侧吸取料点rz: 180 
[2025-04-11 16:21:35.685] 侧吸放置位姿rx: -1.48 , 侧吸放置位姿ry: 90 , 侧吸放置位姿rz: 180 
[2025-04-11 16:21:35.692] 读取垛型json文件并解析
[2025-04-11 16:21:35.755] PLC连接成功
[2025-04-11 16:21:35.755] 开始对PLC进行初始化
[2025-04-11 16:21:40.063] PLC初始化完成
[2025-04-11 16:21:40.063] 开始对相机摆台进行控制
[2025-04-11 16:21:40.120] 正在控制摆台运动到左下(角度1)
[2025-04-11 16:21:40.863] 摆台到达左下(角度1)
[2025-04-11 16:21:40.863] 开始获取相机内参
[2025-04-11 16:21:40.892] 获取相机内参完成
[2025-04-11 16:21:40.893] 机器人连接成功
[2025-04-11 16:21:40.893] AGV连接成功
[2025-04-11 16:21:40.893] 开始登录AGV
[2025-04-11 16:21:40.893] 登录AGV成功
[2025-04-11 16:21:40.893] 开始将AGV切换到手动模式
[2025-04-11 16:21:41.095] 手动模式切换成功
[2025-04-11 16:21:41.095] 将AGV切换到自动模式
[2025-04-11 16:21:41.296] 自动模式切换成功
[2025-04-11 16:21:41.296] 开始进入全自动任务流程：
[2025-04-11 16:21:41.296] 集装箱宽度：2350 , 垛型距离右侧剩下的距离: 175 
[2025-04-11 16:21:41.296] 产品在集装箱长度方向的尺寸小于400mm, 按照400mm算
[2025-04-11 16:21:41.297] 产品在集装箱长度方向的尺寸：400 
[2025-04-11 16:21:41.297] 前进到底的距离为：1250 
[2025-04-11 16:21:41.297] 产品在垛型左下的抓取模式为：1 
[2025-04-11 16:21:41.297] 开始控制AGV自主导航前进到底
[2025-04-11 16:21:41.297] AGV前进中
[2025-04-11 16:22:04.063] AGV前进到底完成
[2025-04-11 16:22:04.063] AGV自主导航前进到底完成
[2025-04-11 16:22:04.263] 检测AGV距离前方距离为：1.24 
[2025-04-11 16:22:04.263] 导航角度偏差为：-0.004 
[2025-04-11 16:22:04.263] AGV第 1 次导航成功（前进到底）
[2025-04-11 16:22:04.263] 当前相机识别基准点模式为: 集装箱角落基准点
[2025-04-11 16:22:04.263] 开始进行基准点检测
[2025-04-11 16:22:04.263] 开始对相机摆台进行控制
[2025-04-11 16:22:04.316] 正在控制摆台运动到左下(角度1)
[2025-04-11 16:22:04.416] 摆台到达左下(角度1)
[2025-04-11 16:22:04.416] 传统方法进行检测
[2025-04-11 16:22:04.416] 检测AGV距离前方距离为：1.24 
[2025-04-11 16:22:04.416] 检测AGV距离左边距离为：0.386 
[2025-04-11 16:22:08.495] 基准点 X坐标: 1.47634 , 基准点 y坐标: 1.58279 , 基准点 z坐标: -0.635938 , 基准点 rX坐标: 0 , 基准点 ry坐标: 0 , 基准点 rz坐标: 0 
[2025-04-11 16:22:08.495] 基准点符合要求，可以使用
[2025-04-11 16:22:08.495] 基准点检测完成
[2025-04-11 16:22:08.495] 开始解析垛型并执行第 1 面的码垛任务
[2025-04-11 16:22:08.495] 进入顶吸模式！
[2025-04-11 16:22:08.604] 运动到顶吸中间过渡点
[2025-04-11 16:22:08.605] 机器人运动的目标点x值为: 1201.34 , 目标点y值为: -422.213 , 目标点z值为: -68.9379 
[2025-04-11 16:22:08.605] 机器人运动的目标点姿态rx值为: -1.48 , 目标点姿态ry值为: 90 , 目标点姿态rz值为: 180 
[2025-04-11 16:22:08.605] 开始发送第一次抓取的产品尺寸L: 500 , 产品尺寸W为: 395 , 产品尺寸H为: 300 , 产品数量:  1 
[2025-04-11 16:22:08.605] 开始当前箱子顶吸码垛
[2025-04-11 16:22:08.605] 顶吸右边取料模式（来料模式3/4）
[2025-04-11 16:22:08.738] 等待允许取料信号
[2025-04-11 16:22:14.227] 收到允许取料信号
[2025-04-11 16:22:14.227] 发送抓取的产品尺寸L: 500 , 产品尺寸W为: 395 , 产品尺寸H为: 300 , 产品数量:  2 
[2025-04-11 16:22:14.332] 运动到取料点（单箱）
[2025-04-11 16:22:14.332] 等待运动到取料点
[2025-04-11 16:22:15.911] 到达取料点
[2025-04-11 16:22:15.919] 打开吸盘中...
[2025-04-11 16:22:16.643] 打开吸盘完成
[2025-04-11 16:22:16.643] 发送机器人吸取ok
[2025-04-11 16:22:16.653] 等待允许机器人离开取料
[2025-04-11 16:22:17.521] 收到允许机器人离开取料信号
[2025-04-11 16:22:17.521] 发送取料完成信号
[2025-04-11 16:22:17.521] 顶吸右边取料点上方（模式3/4，单箱）
[2025-04-11 16:22:17.628] 运动到中间过渡点
[2025-04-11 16:22:17.740] 运动到前方过渡点
[2025-04-11 16:22:17.852] 运动到最右侧目标点前过渡点
[2025-04-11 16:22:17.852] 需要避开第一面地面
[2025-04-11 16:22:17.964] 等待运动到目标点...
[2025-04-11 16:22:26.036] 到达目标点
[2025-04-11 16:22:26.044] 等待吸盘关闭...
[2025-04-11 16:22:26.257] 吸盘关闭完成
[2025-04-11 16:22:26.364] 机器人向上运动
[2025-04-11 16:22:26.364] 当前箱子顶吸码垛完成
[2025-04-11 16:22:26.476] 回到顶吸中间过渡点
[2025-04-11 16:22:26.476] 下一个待码垛箱子数值交换完成
[2025-04-11 16:22:26.476] 进入顶吸模式！
[2025-04-11 16:22:26.477] 机器人运动的目标点x值为: 1201.34 , 目标点y值为: 22.7866 , 目标点z值为: -68.9379 
[2025-04-11 16:22:26.477] 机器人运动的目标点姿态rx值为: -1.48 , 目标点姿态ry值为: 90 , 目标点姿态rz值为: 180 
[2025-04-11 16:22:26.477] 开始当前箱子顶吸码垛
[2025-04-11 16:22:26.477] 顶吸右边取料模式（来料模式3/4）
[2025-04-11 16:22:26.598] 等待允许取料信号
[2025-04-11 16:22:29.613] 收到允许取料信号
[2025-04-11 16:22:29.613] 发送抓取的产品尺寸L: 500 , 产品尺寸W为: 395 , 产品尺寸H为: 300 , 产品数量:  1 
[2025-04-11 16:22:29.724] 运动到取料点（多箱）
[2025-04-11 16:22:29.724] 等待运动到取料点
[2025-04-11 16:22:34.055] 到达取料点
[2025-04-11 16:22:34.063] 打开吸盘中...
[2025-04-11 16:22:34.819] 打开吸盘完成
[2025-04-11 16:22:34.819] 发送机器人吸取ok
[2025-04-11 16:22:34.825] 等待允许机器人离开取料
[2025-04-11 16:22:35.190] 收到允许机器人离开取料信号
[2025-04-11 16:22:35.190] 发送取料完成信号
[2025-04-11 16:22:35.190] 顶吸右边取料点上方（模式3/4，多箱）
[2025-04-11 16:22:35.300] 运动到中间过渡点
[2025-04-11 16:22:35.412] 运动到前方过渡点
[2025-04-11 16:22:35.524] 不需要避开第一面地面
[2025-04-11 16:22:35.636] 等待运动到目标点...
[2025-04-11 16:22:38.564] 到达目标点
[2025-04-11 16:22:38.574] 等待吸盘关闭...
[2025-04-11 16:22:38.786] 吸盘关闭完成
[2025-04-11 16:22:38.892] 机器人向上运动
[2025-04-11 16:22:38.892] 当前箱子顶吸码垛完成
[2025-04-11 16:22:39.004] 回到顶吸中间过渡点
[2025-04-11 16:22:39.004] 下一个待码垛箱子数值交换完成
[2025-04-11 16:22:39.004] 进入顶吸模式！
[2025-04-11 16:22:39.004] 机器人运动的目标点x值为: 1253.84 , 目标点y值为: 762.787 , 目标点z值为: -68.9379 
[2025-04-11 16:22:39.004] 机器人运动的目标点姿态rx值为: -1.48 , 目标点姿态ry值为: 90 , 目标点姿态rz值为: 180 
[2025-04-11 16:22:39.004] 开始当前箱子顶吸码垛
[2025-04-11 16:22:39.004] 顶吸右边取料模式（来料模式1/2）
[2025-04-11 16:22:39.140] 等待允许取料信号
[2025-04-11 16:22:40.985] 收到允许取料信号
[2025-04-11 16:22:40.985] 发送抓取的产品尺寸L: 500 , 产品尺寸W为: 395 , 产品尺寸H为: 300 , 产品数量:  1 
[2025-04-11 16:22:41.092] 运动到取料点（单箱）
[2025-04-11 16:22:41.092] 等待运动到取料点
[2025-04-11 16:22:41.728] 到达取料点
[2025-04-11 16:22:41.736] 打开吸盘中...
[2025-04-11 16:22:42.458] 打开吸盘完成
[2025-04-11 16:22:42.458] 发送机器人吸取ok
[2025-04-11 16:22:42.466] 等待允许机器人离开取料
[2025-04-11 16:22:43.305] 收到允许机器人离开取料信号
[2025-04-11 16:22:43.306] 发送取料完成信号
[2025-04-11 16:22:43.306] 顶吸右边取料点上方（模式1/2，单箱）
[2025-04-11 16:22:43.412] 运动到中间过渡点
[2025-04-11 16:22:43.524] 运动到前方过渡点
[2025-04-11 16:22:43.636] 需要避开第一面地面
[2025-04-11 16:22:43.748] 等待运动到目标点...
[2025-04-11 16:22:46.150] 到达目标点
[2025-04-11 16:22:46.176] 等待吸盘关闭...
[2025-04-11 16:22:46.747] 吸盘关闭完成
[2025-04-11 16:22:46.852] 机器人向上运动
[2025-04-11 16:22:46.852] 当前箱子顶吸码垛完成
[2025-04-11 16:22:46.964] 回到顶吸中间过渡点
[2025-04-11 16:22:46.964] 下一个待码垛箱子数值交换完成
[2025-04-11 16:22:46.964] 进入顶吸模式！
[2025-04-11 16:22:46.964] 机器人运动的目标点x值为: 1253.84 , 目标点y值为: 1232.79 , 目标点z值为: -68.9379 
[2025-04-11 16:22:46.964] 机器人运动的目标点姿态rx值为: -1.48 , 目标点姿态ry值为: 90 , 目标点姿态rz值为: 180 
[2025-04-11 16:22:46.964] 开始当前箱子顶吸码垛
[2025-04-11 16:22:46.964] 顶吸最左边取料模式（来料模式1/2）
[2025-04-11 16:22:47.083] 等待允许取料信号
[2025-04-11 16:22:48.555] 收到允许取料信号
[2025-04-11 16:22:48.556] 发送抓取的产品尺寸L: 500 , 产品尺寸W为: 395 , 产品尺寸H为: 300 , 产品数量:  1 
[2025-04-11 16:22:48.660] 运动到取料点（单箱）
[2025-04-11 16:22:48.660] 等待运动到取料点
[2025-04-11 16:22:49.702] 到达取料点
[2025-04-11 16:22:49.712] 打开吸盘中...
[2025-04-11 16:22:50.438] 打开吸盘完成
[2025-04-11 16:22:50.439] 发送机器人吸取ok
[2025-04-11 16:22:50.444] 等待允许机器人离开取料
[2025-04-11 16:22:51.248] 收到允许机器人离开取料信号
[2025-04-11 16:22:51.248] 发送取料完成信号
[2025-04-11 16:22:51.248] 顶吸最左边取料点上方（模式1/2，单箱）
[2025-04-11 16:22:51.468] 中间过渡点
[2025-04-11 16:22:51.468] 最左侧箱子模式
[2025-04-11 16:22:51.580] 运动到目标点后方过渡点
[2025-04-11 16:22:51.580] 需要避开第一面地面
[2025-04-11 16:22:51.804] 等待运动到目标点...
[2025-04-11 16:22:54.644] 到达目标点
[2025-04-11 16:22:54.652] 关闭吸盘中...
[2025-04-11 16:22:54.865] 关闭吸盘完成
[2025-04-11 16:22:54.972] 机器人向上运动
[2025-04-11 16:22:54.972] 当前箱子顶吸码垛完成
[2025-04-11 16:22:55.084] 回到顶吸中间过渡点
[2025-04-11 16:22:55.084] 下一个待码垛箱子数值交换完成
[2025-04-11 16:22:55.084] 进入顶吸模式！
[2025-04-11 16:22:55.084] 机器人运动的目标点x值为: 1201.34 , 目标点y值为: -422.213 , 目标点z值为: 231.062 
[2025-04-11 16:22:55.084] 机器人运动的目标点姿态rx值为: -1.48 , 目标点姿态ry值为: 90 , 目标点姿态rz值为: 180 
[2025-04-11 16:22:55.084] 开始当前箱子顶吸码垛
[2025-04-11 16:22:55.084] 顶吸右边取料模式（来料模式3/4）
[2025-04-11 16:22:55.206] 等待允许取料信号
[2025-04-11 16:22:56.743] 收到允许取料信号
[2025-04-11 16:22:56.743] 发送抓取的产品尺寸L: 500 , 产品尺寸W为: 395 , 产品尺寸H为: 300 , 产品数量:  2 
[2025-04-11 16:22:56.852] 运动到取料点（单箱）
[2025-04-11 16:22:56.852] 等待运动到取料点
[2025-04-11 16:22:57.805] 到达取料点
[2025-04-11 16:22:57.813] 打开吸盘中...
[2025-04-11 16:22:58.553] 打开吸盘完成
[2025-04-11 16:22:58.553] 发送机器人吸取ok
[2025-04-11 16:22:58.561] 等待允许机器人离开取料
[2025-04-11 16:22:59.518] 收到允许机器人离开取料信号
[2025-04-11 16:22:59.518] 发送取料完成信号
[2025-04-11 16:22:59.518] 顶吸右边取料点上方（模式3/4，单箱）
[2025-04-11 16:22:59.628] 运动到中间过渡点
[2025-04-11 16:22:59.740] 运动到前方过渡点
[2025-04-11 16:22:59.852] 运动到最右侧目标点前过渡点
[2025-04-11 16:22:59.852] 不需要避开第一面地面
[2025-04-11 16:22:59.964] 等待运动到目标点...
[2025-04-11 16:23:02.421] 到达目标点
[2025-04-11 16:23:02.431] 等待吸盘关闭...
[2025-04-11 16:23:02.643] 吸盘关闭完成
[2025-04-11 16:23:02.748] 机器人向上运动
[2025-04-11 16:23:02.748] 当前箱子顶吸码垛完成
[2025-04-11 16:23:02.860] 回到顶吸中间过渡点
[2025-04-11 16:23:02.860] 下一个待码垛箱子数值交换完成
[2025-04-11 16:23:02.860] 进入顶吸模式！
[2025-04-11 16:23:02.860] 机器人运动的目标点x值为: 1201.34 , 目标点y值为: 22.7866 , 目标点z值为: 231.062 
[2025-04-11 16:23:02.860] 机器人运动的目标点姿态rx值为: -1.48 , 目标点姿态ry值为: 90 , 目标点姿态rz值为: 180 
[2025-04-11 16:23:02.860] 开始当前箱子顶吸码垛
[2025-04-11 16:23:02.860] 顶吸右边取料模式（来料模式3/4）
[2025-04-11 16:23:02.981] 等待允许取料信号
[2025-04-11 16:23:08.779] 收到允许取料信号
[2025-04-11 16:23:08.779] 发送抓取的产品尺寸L: 500 , 产品尺寸W为: 395 , 产品尺寸H为: 300 , 产品数量:  1 
[2025-04-11 16:23:08.884] 运动到取料点（多箱）
[2025-04-11 16:23:08.884] 等待运动到取料点
[2025-04-11 16:23:09.191] 到达取料点
[2025-04-11 16:23:09.197] 打开吸盘中...
[2025-04-11 16:23:09.939] 打开吸盘完成
[2025-04-11 16:23:09.939] 发送机器人吸取ok
[2025-04-11 16:23:09.947] 等待允许机器人离开取料
[2025-04-11 16:23:10.372] 收到允许机器人离开取料信号
[2025-04-11 16:23:10.372] 发送取料完成信号
[2025-04-11 16:23:10.372] 顶吸右边取料点上方（模式3/4，多箱）
[2025-04-11 16:23:10.484] 运动到中间过渡点
[2025-04-11 16:23:10.596] 运动到前方过渡点
[2025-04-11 16:23:10.708] 不需要避开第一面地面
[2025-04-11 16:23:10.820] 等待运动到目标点...
[2025-04-11 16:23:13.265] 到达目标点
[2025-04-11 16:23:13.275] 等待吸盘关闭...
[2025-04-11 16:23:13.487] 吸盘关闭完成
[2025-04-11 16:23:13.596] 机器人向上运动
[2025-04-11 16:23:13.596] 当前箱子顶吸码垛完成
[2025-04-11 16:23:13.708] 回到顶吸中间过渡点
[2025-04-11 16:23:13.708] 下一个待码垛箱子数值交换完成
[2025-04-11 16:23:13.708] 进入顶吸模式！
[2025-04-11 16:23:13.708] 机器人运动的目标点x值为: 1253.84 , 目标点y值为: 762.787 , 目标点z值为: 231.062 
[2025-04-11 16:23:13.708] 机器人运动的目标点姿态rx值为: -1.48 , 目标点姿态ry值为: 90 , 目标点姿态rz值为: 180 
[2025-04-11 16:23:13.708] 开始当前箱子顶吸码垛
[2025-04-11 16:23:13.708] 顶吸右边取料模式（来料模式1/2）
[2025-04-11 16:23:13.827] 等待允许取料信号
[2025-04-11 16:23:16.931] 收到允许取料信号
[2025-04-11 16:23:16.931] 发送抓取的产品尺寸L: 500 , 产品尺寸W为: 395 , 产品尺寸H为: 300 , 产品数量:  1 
[2025-04-11 16:23:17.036] 运动到取料点（单箱）
[2025-04-11 16:23:17.036] 等待运动到取料点
[2025-04-11 16:23:17.343] 到达取料点
[2025-04-11 16:23:17.352] 打开吸盘中...
[2025-04-11 16:23:18.074] 打开吸盘完成
[2025-04-11 16:23:18.074] 发送机器人吸取ok
[2025-04-11 16:23:18.084] 等待允许机器人离开取料
[2025-04-11 16:23:18.945] 收到允许机器人离开取料信号
[2025-04-11 16:23:18.945] 发送取料完成信号
[2025-04-11 16:23:18.945] 顶吸右边取料点上方（模式1/2，单箱）
[2025-04-11 16:23:19.052] 运动到中间过渡点
[2025-04-11 16:23:19.164] 运动到前方过渡点
[2025-04-11 16:23:19.276] 不需要避开第一面地面
[2025-04-11 16:23:19.388] 等待运动到目标点...
[2025-04-11 16:23:21.614] 到达目标点
[2025-04-11 16:23:21.635] 等待吸盘关闭...
[2025-04-11 16:23:22.290] 吸盘关闭完成
[2025-04-11 16:23:22.396] 机器人向上运动
[2025-04-11 16:23:22.396] 当前箱子顶吸码垛完成
[2025-04-11 16:23:22.508] 回到顶吸中间过渡点
[2025-04-11 16:23:22.508] 下一个待码垛箱子数值交换完成
[2025-04-11 16:23:22.508] 进入顶吸模式！
[2025-04-11 16:23:22.508] 机器人运动的目标点x值为: 1253.84 , 目标点y值为: 1232.79 , 目标点z值为: 231.062 
[2025-04-11 16:23:22.508] 机器人运动的目标点姿态rx值为: -1.48 , 目标点姿态ry值为: 90 , 目标点姿态rz值为: 180 
[2025-04-11 16:23:22.508] 开始当前箱子顶吸码垛
[2025-04-11 16:23:22.508] 顶吸最左边取料模式（来料模式1/2）
[2025-04-11 16:23:22.633] 等待允许取料信号
[2025-04-11 16:23:24.376] 收到允许取料信号
[2025-04-11 16:23:24.376] 发送抓取的产品尺寸L: 500 , 产品尺寸W为: 395 , 产品尺寸H为: 300 , 产品数量:  1 
[2025-04-11 16:23:24.484] 运动到取料点（单箱）
[2025-04-11 16:23:24.484] 等待运动到取料点
[2025-04-11 16:23:25.020] 到达取料点
[2025-04-11 16:23:25.030] 打开吸盘中...
[2025-04-11 16:23:25.823] 打开吸盘完成
[2025-04-11 16:23:25.823] 发送机器人吸取ok
[2025-04-11 16:23:25.831] 等待允许机器人离开取料
[2025-04-11 16:23:26.616] 收到允许机器人离开取料信号
[2025-04-11 16:23:26.616] 发送取料完成信号
[2025-04-11 16:23:26.616] 顶吸最左边取料点上方（模式1/2，单箱）
[2025-04-11 16:23:26.836] 中间过渡点
[2025-04-11 16:23:26.836] 最左侧箱子模式
[2025-04-11 16:23:26.948] 运动到目标点后方过渡点
[2025-04-11 16:23:26.948] 不需要避开第一面地面
[2025-04-11 16:23:27.172] 等待运动到目标点...
[2025-04-11 16:23:29.924] 到达目标点
[2025-04-11 16:23:29.932] 关闭吸盘中...
[2025-04-11 16:23:30.145] 关闭吸盘完成
[2025-04-11 16:23:30.252] 机器人向上运动
[2025-04-11 16:23:30.252] 当前箱子顶吸码垛完成
[2025-04-11 16:23:30.364] 回到顶吸中间过渡点
[2025-04-11 16:23:30.364] 下一个待码垛箱子数值交换完成
[2025-04-11 16:23:30.364] 进入顶吸模式！
[2025-04-11 16:23:30.364] 机器人运动的目标点x值为: 1201.34 , 目标点y值为: -422.213 , 目标点z值为: 531.062 
[2025-04-11 16:23:30.364] 机器人运动的目标点姿态rx值为: -1.48 , 目标点姿态ry值为: 90 , 目标点姿态rz值为: 180 
[2025-04-11 16:23:30.364] 开始当前箱子顶吸码垛
[2025-04-11 16:23:30.364] 顶吸右边取料模式（来料模式3/4）
[2025-04-11 16:23:30.483] 等待允许取料信号
[2025-04-11 16:23:32.304] 收到允许取料信号
[2025-04-11 16:23:32.304] 发送抓取的产品尺寸L: 500 , 产品尺寸W为: 395 , 产品尺寸H为: 300 , 产品数量:  2 
[2025-04-11 16:23:32.412] 运动到取料点（单箱）
[2025-04-11 16:23:32.412] 等待运动到取料点
[2025-04-11 16:23:32.992] 到达取料点
[2025-04-11 16:23:32.998] 打开吸盘中...
[2025-04-11 16:23:33.771] 打开吸盘完成
[2025-04-11 16:23:33.771] 发送机器人吸取ok
[2025-04-11 16:23:33.781] 等待允许机器人离开取料
[2025-04-11 16:23:34.688] 收到允许机器人离开取料信号
[2025-04-11 16:23:34.688] 发送取料完成信号
[2025-04-11 16:23:34.688] 顶吸右边取料点上方（模式3/4，单箱）
[2025-04-11 16:23:34.795] 运动到中间过渡点
[2025-04-11 16:23:34.907] 运动到前方过渡点
[2025-04-11 16:23:35.019] 运动到最右侧目标点前过渡点
[2025-04-11 16:23:35.020] 不需要避开第一面地面
[2025-04-11 16:23:35.131] 等待运动到目标点...
[2025-04-11 16:23:37.456] 到达目标点
[2025-04-11 16:23:37.464] 等待吸盘关闭...
[2025-04-11 16:23:37.679] 吸盘关闭完成
[2025-04-11 16:23:37.787] 机器人向上运动
[2025-04-11 16:23:37.788] 当前箱子顶吸码垛完成
[2025-04-11 16:23:37.899] 回到顶吸中间过渡点
[2025-04-11 16:23:37.899] 下一个待码垛箱子数值交换完成
[2025-04-11 16:23:37.899] 进入顶吸模式！
[2025-04-11 16:23:37.900] 机器人运动的目标点x值为: 1201.34 , 目标点y值为: 22.7866 , 目标点z值为: 531.062 
[2025-04-11 16:23:37.900] 机器人运动的目标点姿态rx值为: -1.48 , 目标点姿态ry值为: 90 , 目标点姿态rz值为: 180 
[2025-04-11 16:23:37.900] 开始当前箱子顶吸码垛
[2025-04-11 16:23:37.900] 顶吸右边取料模式（来料模式3/4）
[2025-04-11 16:23:38.019] 等待允许取料信号
[2025-04-11 16:23:44.942] 收到允许取料信号
[2025-04-11 16:23:44.942] 发送抓取的产品尺寸L: 500 , 产品尺寸W为: 395 , 产品尺寸H为: 300 , 产品数量:  1 
[2025-04-11 16:23:45.051] 运动到取料点（多箱）
[2025-04-11 16:23:45.051] 等待运动到取料点
[2025-04-11 16:23:45.380] 到达取料点
[2025-04-11 16:23:45.388] 打开吸盘中...
[2025-04-11 16:23:46.116] 打开吸盘完成
[2025-04-11 16:23:46.116] 发送机器人吸取ok
[2025-04-11 16:23:46.134] 等待允许机器人离开取料
[2025-04-11 16:23:46.517] 收到允许机器人离开取料信号
[2025-04-11 16:23:46.517] 发送取料完成信号
[2025-04-11 16:23:46.518] 顶吸右边取料点上方（模式3/4，多箱）
[2025-04-11 16:23:46.627] 运动到中间过渡点
[2025-04-11 16:23:46.739] 运动到前方过渡点
[2025-04-11 16:23:46.851] 不需要避开第一面地面
[2025-04-11 16:23:46.963] 等待运动到目标点...
[2025-04-11 16:23:49.267] 到达目标点
[2025-04-11 16:23:49.277] 等待吸盘关闭...
[2025-04-11 16:23:49.489] 吸盘关闭完成
[2025-04-11 16:23:49.595] 机器人向上运动
[2025-04-11 16:23:49.595] 当前箱子顶吸码垛完成
[2025-04-11 16:23:49.707] 回到顶吸中间过渡点
[2025-04-11 16:23:49.707] 下一个待码垛箱子数值交换完成
[2025-04-11 16:23:49.707] 进入顶吸模式！
[2025-04-11 16:23:49.707] 机器人运动的目标点x值为: 1253.84 , 目标点y值为: 762.787 , 目标点z值为: 531.062 
[2025-04-11 16:23:49.707] 机器人运动的目标点姿态rx值为: -1.48 , 目标点姿态ry值为: 90 , 目标点姿态rz值为: 180 
[2025-04-11 16:23:49.707] 开始当前箱子顶吸码垛
[2025-04-11 16:23:49.707] 顶吸右边取料模式（来料模式1/2）
[2025-04-11 16:23:49.827] 等待允许取料信号
[2025-04-11 16:23:52.461] 收到允许取料信号
[2025-04-11 16:23:52.461] 发送抓取的产品尺寸L: 500 , 产品尺寸W为: 395 , 产品尺寸H为: 300 , 产品数量:  1 
[2025-04-11 16:23:52.571] 运动到取料点（单箱）
[2025-04-11 16:23:52.571] 等待运动到取料点
[2025-04-11 16:23:52.911] 到达取料点
[2025-04-11 16:23:52.921] 打开吸盘中...
[2025-04-11 16:23:53.702] 打开吸盘完成
[2025-04-11 16:23:53.702] 发送机器人吸取ok
[2025-04-11 16:23:53.724] 等待允许机器人离开取料
[2025-04-11 16:23:54.525] 收到允许机器人离开取料信号
[2025-04-11 16:23:54.525] 发送取料完成信号
[2025-04-11 16:23:54.525] 顶吸右边取料点上方（模式1/2，单箱）
[2025-04-11 16:23:54.635] 运动到中间过渡点
[2025-04-11 16:23:54.747] 运动到前方过渡点
[2025-04-11 16:23:54.859] 不需要避开第一面地面
[2025-04-11 16:23:54.971] 等待运动到目标点...
[2025-04-11 16:23:57.088] 到达目标点
[2025-04-11 16:23:57.098] 等待吸盘关闭...
[2025-04-11 16:23:57.311] 吸盘关闭完成
[2025-04-11 16:23:57.419] 机器人向上运动
[2025-04-11 16:23:57.419] 当前箱子顶吸码垛完成
[2025-04-11 16:23:57.531] 回到顶吸中间过渡点
[2025-04-11 16:23:57.531] 下一个待码垛箱子数值交换完成
[2025-04-11 16:23:57.531] 进入顶吸模式！
[2025-04-11 16:23:57.531] 机器人运动的目标点x值为: 1253.84 , 目标点y值为: 1232.79 , 目标点z值为: 531.062 
[2025-04-11 16:23:57.532] 机器人运动的目标点姿态rx值为: -1.48 , 目标点姿态ry值为: 90 , 目标点姿态rz值为: 180 
[2025-04-11 16:23:57.532] 开始当前箱子顶吸码垛
[2025-04-11 16:23:57.532] 顶吸最左边取料模式（来料模式1/2）
[2025-04-11 16:23:57.651] 等待允许取料信号
[2025-04-11 16:24:00.032] 收到允许取料信号
[2025-04-11 16:24:00.032] 发送抓取的产品尺寸L: 500 , 产品尺寸W为: 395 , 产品尺寸H为: 300 , 产品数量:  1 
[2025-04-11 16:24:00.139] 运动到取料点（单箱）
[2025-04-11 16:24:00.139] 等待运动到取料点
[2025-04-11 16:24:00.446] 到达取料点
[2025-04-11 16:24:00.454] 打开吸盘中...
[2025-04-11 16:24:01.249] 打开吸盘完成
[2025-04-11 16:24:01.249] 发送机器人吸取ok
[2025-04-11 16:24:01.259] 等待允许机器人离开取料
[2025-04-11 16:24:02.060] 收到允许机器人离开取料信号
[2025-04-11 16:24:02.060] 发送取料完成信号
[2025-04-11 16:24:02.060] 顶吸最左边取料点上方（模式1/2，单箱）
[2025-04-11 16:24:02.283] 中间过渡点
[2025-04-11 16:24:02.283] 最左侧箱子模式
[2025-04-11 16:24:02.395] 运动到目标点后方过渡点
[2025-04-11 16:24:02.395] 不需要避开第一面地面
[2025-04-11 16:24:02.619] 等待运动到目标点...
[2025-04-11 16:24:05.197] 到达目标点
[2025-04-11 16:24:05.205] 关闭吸盘中...
[2025-04-11 16:24:05.417] 关闭吸盘完成
[2025-04-11 16:24:05.523] 机器人向上运动
[2025-04-11 16:24:05.523] 当前箱子顶吸码垛完成
[2025-04-11 16:24:05.635] 回到顶吸中间过渡点
[2025-04-11 16:24:05.635] 下一个待码垛箱子数值交换完成
[2025-04-11 16:24:05.635] 进入顶吸模式！
[2025-04-11 16:24:05.635] 机器人运动的目标点x值为: 1201.34 , 目标点y值为: -422.213 , 目标点z值为: 831.062 
[2025-04-11 16:24:05.635] 机器人运动的目标点姿态rx值为: -1.48 , 目标点姿态ry值为: 90 , 目标点姿态rz值为: 180 
[2025-04-11 16:24:05.635] 开始当前箱子顶吸码垛
[2025-04-11 16:24:05.635] 顶吸右边取料模式（来料模式3/4）
[2025-04-11 16:24:05.753] 等待允许取料信号
[2025-04-11 16:24:07.559] 收到允许取料信号
[2025-04-11 16:24:07.559] 发送抓取的产品尺寸L: 500 , 产品尺寸W为: 395 , 产品尺寸H为: 300 , 产品数量:  2 
[2025-04-11 16:24:07.667] 运动到取料点（单箱）
[2025-04-11 16:24:07.667] 等待运动到取料点
[2025-04-11 16:24:08.172] 到达取料点
[2025-04-11 16:24:08.180] 打开吸盘中...
[2025-04-11 16:24:08.952] 打开吸盘完成
[2025-04-11 16:24:08.952] 发送机器人吸取ok
[2025-04-11 16:24:08.962] 等待允许机器人离开取料
[2025-04-11 16:24:09.879] 收到允许机器人离开取料信号
[2025-04-11 16:24:09.879] 发送取料完成信号
[2025-04-11 16:24:09.879] 顶吸右边取料点上方（模式3/4，单箱）
[2025-04-11 16:24:09.987] 运动到中间过渡点
[2025-04-11 16:24:10.099] 运动到前方过渡点
[2025-04-11 16:24:10.211] 运动到最右侧目标点前过渡点
[2025-04-11 16:24:10.211] 不需要避开第一面地面
[2025-04-11 16:24:10.323] 等待运动到目标点...
[2025-04-11 16:24:12.494] 到达目标点
[2025-04-11 16:24:12.502] 等待吸盘关闭...
[2025-04-11 16:24:12.715] 吸盘关闭完成
[2025-04-11 16:24:12.819] 机器人向上运动
[2025-04-11 16:24:12.819] 当前箱子顶吸码垛完成
[2025-04-11 16:24:12.931] 回到顶吸中间过渡点
[2025-04-11 16:24:12.931] 下一个待码垛箱子数值交换完成
[2025-04-11 16:24:12.931] 进入顶吸模式！
[2025-04-11 16:24:12.931] 机器人运动的目标点x值为: 1201.34 , 目标点y值为: 22.7866 , 目标点z值为: 831.062 
[2025-04-11 16:24:12.931] 机器人运动的目标点姿态rx值为: -1.48 , 目标点姿态ry值为: 90 , 目标点姿态rz值为: 180 
[2025-04-11 16:24:12.931] 开始当前箱子顶吸码垛
[2025-04-11 16:24:12.931] 顶吸右边取料模式（来料模式3/4）
[2025-04-11 16:24:13.055] 等待允许取料信号
[2025-04-11 16:24:19.516] 收到允许取料信号
[2025-04-11 16:24:19.516] 发送抓取的产品尺寸L: 500 , 产品尺寸W为: 395 , 产品尺寸H为: 300 , 产品数量:  1 
[2025-04-11 16:24:19.627] 运动到取料点（多箱）
[2025-04-11 16:24:19.627] 等待运动到取料点
[2025-04-11 16:24:19.933] 到达取料点
[2025-04-11 16:24:19.941] 打开吸盘中...
[2025-04-11 16:24:20.650] 打开吸盘完成
[2025-04-11 16:24:20.650] 发送机器人吸取ok
[2025-04-11 16:24:20.655] 等待允许机器人离开取料
[2025-04-11 16:24:21.079] 收到允许机器人离开取料信号
[2025-04-11 16:24:21.079] 发送取料完成信号
[2025-04-11 16:24:21.079] 顶吸右边取料点上方（模式3/4，多箱）
[2025-04-11 16:24:21.187] 运动到中间过渡点
[2025-04-11 16:24:21.299] 运动到前方过渡点
[2025-04-11 16:24:21.411] 不需要避开第一面地面
[2025-04-11 16:24:21.523] 等待运动到目标点...
[2025-04-11 16:24:23.682] 到达目标点
[2025-04-11 16:24:23.694] 等待吸盘关闭...
[2025-04-11 16:24:24.355] 吸盘关闭完成
[2025-04-11 16:24:24.467] 机器人向上运动
[2025-04-11 16:24:24.467] 当前箱子顶吸码垛完成
[2025-04-11 16:24:24.579] 回到顶吸中间过渡点
[2025-04-11 16:24:24.579] 下一个待码垛箱子数值交换完成
[2025-04-11 16:24:24.579] 进入顶吸模式！
[2025-04-11 16:24:24.579] 机器人运动的目标点x值为: 1253.84 , 目标点y值为: 762.787 , 目标点z值为: 831.062 
[2025-04-11 16:24:24.579] 机器人运动的目标点姿态rx值为: -1.48 , 目标点姿态ry值为: 90 , 目标点姿态rz值为: 180 
[2025-04-11 16:24:24.579] 开始当前箱子顶吸码垛
[2025-04-11 16:24:24.579] 顶吸右边取料模式（来料模式1/2）
[2025-04-11 16:24:24.701] 等待允许取料信号
[2025-04-11 16:24:34.088] 收到允许取料信号
[2025-04-11 16:24:34.088] 发送抓取的产品尺寸L: 500 , 产品尺寸W为: 395 , 产品尺寸H为: 300 , 产品数量:  1 
[2025-04-11 16:24:34.195] 运动到取料点（单箱）
[2025-04-11 16:24:34.195] 等待运动到取料点
[2025-04-11 16:24:34.524] 到达取料点
[2025-04-11 16:24:34.532] 打开吸盘中...
[2025-04-11 16:24:35.297] 打开吸盘完成
[2025-04-11 16:24:35.297] 发送机器人吸取ok
[2025-04-11 16:24:35.304] 等待允许机器人离开取料
[2025-04-11 16:24:36.067] 收到允许机器人离开取料信号
[2025-04-11 16:24:36.068] 发送取料完成信号
[2025-04-11 16:24:36.068] 顶吸右边取料点上方（模式1/2，单箱）
[2025-04-11 16:24:36.179] 运动到中间过渡点
[2025-04-11 16:24:36.291] 运动到前方过渡点
[2025-04-11 16:24:36.403] 不需要避开第一面地面
[2025-04-11 16:24:36.515] 等待运动到目标点...
[2025-04-11 16:24:38.511] 到达目标点
[2025-04-11 16:24:38.521] 等待吸盘关闭...
[2025-04-11 16:24:38.733] 吸盘关闭完成
[2025-04-11 16:24:38.843] 机器人向上运动
[2025-04-11 16:24:38.843] 当前箱子顶吸码垛完成
[2025-04-11 16:24:38.955] 回到顶吸中间过渡点
[2025-04-11 16:24:38.955] 下一个待码垛箱子数值交换完成
[2025-04-11 16:24:38.955] 进入顶吸模式！
[2025-04-11 16:24:38.955] 机器人运动的目标点x值为: 1253.84 , 目标点y值为: 1232.79 , 目标点z值为: 831.062 
[2025-04-11 16:24:38.955] 机器人运动的目标点姿态rx值为: -1.48 , 目标点姿态ry值为: 90 , 目标点姿态rz值为: 180 
[2025-04-11 16:24:38.955] 开始当前箱子顶吸码垛
[2025-04-11 16:24:38.955] 顶吸最左边取料模式（来料模式1/2）
[2025-04-11 16:24:39.076] 等待允许取料信号
[2025-04-11 16:24:42.472] 收到允许取料信号
[2025-04-11 16:24:42.473] 发送抓取的产品尺寸L: 500 , 产品尺寸W为: 395 , 产品尺寸H为: 300 , 产品数量:  1 
[2025-04-11 16:24:42.579] 运动到取料点（单箱）
[2025-04-11 16:24:42.579] 等待运动到取料点
[2025-04-11 16:24:42.885] 到达取料点
[2025-04-11 16:24:42.893] 打开吸盘中...
[2025-04-11 16:24:43.627] 打开吸盘完成
[2025-04-11 16:24:43.627] 发送机器人吸取ok
[2025-04-11 16:24:43.639] 等待允许机器人离开取料
[2025-04-11 16:24:44.440] 收到允许机器人离开取料信号
[2025-04-11 16:24:44.440] 发送取料完成信号
[2025-04-11 16:24:44.440] 顶吸最左边取料点上方（模式1/2，单箱）
[2025-04-11 16:24:44.659] 中间过渡点
[2025-04-11 16:24:44.659] 最左侧箱子模式
[2025-04-11 16:24:44.771] 运动到目标点后方过渡点
[2025-04-11 16:24:44.771] 不需要避开第一面地面
[2025-04-11 16:24:44.995] 等待运动到目标点...
[2025-04-11 16:24:47.484] 到达目标点
[2025-04-11 16:24:47.494] 关闭吸盘中...
[2025-04-11 16:24:47.707] 关闭吸盘完成
[2025-04-11 16:24:47.819] 机器人向上运动
[2025-04-11 16:24:47.819] 当前箱子顶吸码垛完成
[2025-04-11 16:24:47.931] 回到顶吸中间过渡点
[2025-04-11 16:24:47.931] 下一个待码垛箱子数值交换完成
[2025-04-11 16:24:47.931] 进入顶吸模式！
[2025-04-11 16:24:47.931] 机器人运动的目标点x值为: 1201.34 , 目标点y值为: -422.213 , 目标点z值为: 1131.06 
[2025-04-11 16:24:47.931] 机器人运动的目标点姿态rx值为: -1.48 , 目标点姿态ry值为: 90 , 目标点姿态rz值为: 180 
[2025-04-11 16:24:47.931] 开始当前箱子顶吸码垛
[2025-04-11 16:24:47.931] 顶吸右边取料模式（来料模式3/4）
[2025-04-11 16:24:48.051] 等待允许取料信号
[2025-04-11 16:24:49.818] 收到允许取料信号
[2025-04-11 16:24:49.818] 发送抓取的产品尺寸L: 500 , 产品尺寸W为: 395 , 产品尺寸H为: 300 , 产品数量:  2 
[2025-04-11 16:24:49.923] 运动到取料点（单箱）
[2025-04-11 16:24:49.923] 等待运动到取料点
[2025-04-11 16:24:50.416] 到达取料点
[2025-04-11 16:24:50.426] 打开吸盘中...
[2025-04-11 16:24:51.193] 打开吸盘完成
[2025-04-11 16:24:51.193] 发送机器人吸取ok
[2025-04-11 16:24:51.201] 等待允许机器人离开取料
[2025-04-11 16:24:52.183] 收到允许机器人离开取料信号
[2025-04-11 16:24:52.183] 发送取料完成信号
[2025-04-11 16:24:52.183] 顶吸右边取料点上方（模式3/4，单箱）
[2025-04-11 16:24:52.291] 运动到中间过渡点
[2025-04-11 16:24:52.403] 运动到前方过渡点
[2025-04-11 16:24:52.515] 运动到最右侧目标点前过渡点
[2025-04-11 16:24:52.515] 不需要避开第一面地面
[2025-04-11 16:24:52.627] 等待运动到目标点...
[2025-04-11 16:24:54.732] 到达目标点
[2025-04-11 16:24:54.740] 等待吸盘关闭...
[2025-04-11 16:24:54.954] 吸盘关闭完成
[2025-04-11 16:24:55.067] 机器人向上运动
[2025-04-11 16:24:55.067] 当前箱子顶吸码垛完成
[2025-04-11 16:24:55.179] 回到顶吸中间过渡点
[2025-04-11 16:24:55.179] 下一个待码垛箱子数值交换完成
[2025-04-11 16:24:55.179] 进入顶吸模式！
[2025-04-11 16:24:55.179] 机器人运动的目标点x值为: 1201.34 , 目标点y值为: 22.7866 , 目标点z值为: 1131.06 
[2025-04-11 16:24:55.179] 机器人运动的目标点姿态rx值为: -1.48 , 目标点姿态ry值为: 90 , 目标点姿态rz值为: 180 
[2025-04-11 16:24:55.179] 开始当前箱子顶吸码垛
[2025-04-11 16:24:55.179] 顶吸右边取料模式（来料模式3/4）
[2025-04-11 16:24:55.298] 等待允许取料信号
[2025-04-11 16:25:05.250] 收到允许取料信号
[2025-04-11 16:25:05.250] 发送抓取的产品尺寸L: 500 , 产品尺寸W为: 395 , 产品尺寸H为: 300 , 产品数量:  1 
[2025-04-11 16:25:05.354] 运动到取料点（多箱）
[2025-04-11 16:25:05.354] 等待运动到取料点
[2025-04-11 16:25:05.682] 到达取料点
[2025-04-11 16:25:05.692] 打开吸盘中...
[2025-04-11 16:25:06.407] 打开吸盘完成
[2025-04-11 16:25:06.407] 发送机器人吸取ok
[2025-04-11 16:25:06.415] 等待允许机器人离开取料
[2025-04-11 16:25:06.821] 收到允许机器人离开取料信号
[2025-04-11 16:25:06.821] 发送取料完成信号
[2025-04-11 16:25:06.821] 顶吸右边取料点上方（模式3/4，多箱）
[2025-04-11 16:25:06.930] 运动到中间过渡点
[2025-04-11 16:25:07.042] 运动到前方过渡点
[2025-04-11 16:25:07.154] 不需要避开第一面地面
[2025-04-11 16:25:07.266] 等待运动到目标点...
[2025-04-11 16:25:09.282] 到达目标点
[2025-04-11 16:25:09.288] 等待吸盘关闭...
[2025-04-11 16:25:09.505] 吸盘关闭完成
[2025-04-11 16:25:09.610] 机器人向上运动
[2025-04-11 16:25:09.610] 当前箱子顶吸码垛完成
[2025-04-11 16:25:09.722] 回到顶吸中间过渡点
[2025-04-11 16:25:09.722] 下一个待码垛箱子数值交换完成
[2025-04-11 16:25:09.723] 进入顶吸模式！
[2025-04-11 16:25:09.723] 机器人运动的目标点x值为: 1253.84 , 目标点y值为: 762.787 , 目标点z值为: 1131.06 
[2025-04-11 16:25:09.723] 机器人运动的目标点姿态rx值为: -1.48 , 目标点姿态ry值为: 90 , 目标点姿态rz值为: 180 
[2025-04-11 16:25:09.723] 开始当前箱子顶吸码垛
[2025-04-11 16:25:09.723] 顶吸右边取料模式（来料模式1/2）
[2025-04-11 16:25:09.842] 等待允许取料信号
[2025-04-11 16:25:13.256] 收到允许取料信号
[2025-04-11 16:25:13.256] 发送抓取的产品尺寸L: 500 , 产品尺寸W为: 395 , 产品尺寸H为: 300 , 产品数量:  1 
[2025-04-11 16:25:13.362] 运动到取料点（单箱）
[2025-04-11 16:25:13.362] 等待运动到取料点
[2025-04-11 16:25:13.691] 到达取料点
[2025-04-11 16:25:13.721] 打开吸盘中...
[2025-04-11 16:25:14.465] 打开吸盘完成
[2025-04-11 16:25:14.465] 发送机器人吸取ok
[2025-04-11 16:25:14.473] 等待允许机器人离开取料
[2025-04-11 16:25:15.280] 收到允许机器人离开取料信号
[2025-04-11 16:25:15.280] 发送取料完成信号
[2025-04-11 16:25:15.280] 顶吸右边取料点上方（模式1/2，单箱）
[2025-04-11 16:25:15.386] 运动到中间过渡点
[2025-04-11 16:25:15.498] 运动到前方过渡点
[2025-04-11 16:25:15.610] 不需要避开第一面地面
[2025-04-11 16:25:15.722] 等待运动到目标点...
[2025-04-11 16:25:17.630] 到达目标点
[2025-04-11 16:25:17.638] 等待吸盘关闭...
[2025-04-11 16:25:17.850] 吸盘关闭完成
[2025-04-11 16:25:17.962] 机器人向上运动
[2025-04-11 16:25:17.962] 当前箱子顶吸码垛完成
[2025-04-11 16:25:18.074] 回到顶吸中间过渡点
[2025-04-11 16:25:18.074] 下一个待码垛箱子数值交换完成
[2025-04-11 16:25:18.074] 记录顶吸最后一次动作
[2025-04-11 16:25:18.074] 进入顶吸模式！
[2025-04-11 16:25:18.074] 机器人运动的目标点x值为: 1253.84 , 目标点y值为: 1232.79 , 目标点z值为: 1131.06 
[2025-04-11 16:25:18.074] 机器人运动的目标点姿态rx值为: -1.48 , 目标点姿态ry值为: 90 , 目标点姿态rz值为: 180 
[2025-04-11 16:25:18.074] 开始当前箱子顶吸码垛
[2025-04-11 16:25:18.074] 顶吸最左边取料模式（来料模式1/2）
[2025-04-11 16:25:18.193] 等待允许取料信号
[2025-04-11 16:25:23.104] 收到允许取料信号
[2025-04-11 16:25:23.210] 运动到取料点（单箱）
[2025-04-11 16:25:23.210] 等待运动到取料点
[2025-04-11 16:25:23.539] 到达取料点
[2025-04-11 16:25:23.547] 打开吸盘中...
[2025-04-11 16:25:24.285] 打开吸盘完成
[2025-04-11 16:25:24.285] 发送机器人吸取ok
[2025-04-11 16:25:24.293] 等待允许机器人离开取料
[2025-04-11 16:25:25.119] 收到允许机器人离开取料信号
[2025-04-11 16:25:25.119] 发送取料完成信号
[2025-04-11 16:25:25.119] 顶吸最左边取料点上方（模式1/2，单箱）
[2025-04-11 16:25:25.338] 中间过渡点
[2025-04-11 16:25:25.338] 最左侧箱子模式
[2025-04-11 16:25:25.450] 运动到目标点后方过渡点
[2025-04-11 16:25:25.450] 不需要避开第一面地面
[2025-04-11 16:25:25.674] 等待运动到目标点...
[2025-04-11 16:25:28.098] 到达目标点
[2025-04-11 16:25:28.108] 关闭吸盘中...
[2025-04-11 16:25:28.320] 关闭吸盘完成
[2025-04-11 16:25:28.426] 机器人向上运动
[2025-04-11 16:25:28.426] 当前箱子顶吸码垛完成
[2025-04-11 16:25:28.538] 回到顶吸中间过渡点
[2025-04-11 16:25:28.538] 下一个待码垛箱子数值交换完成
[2025-04-11 16:25:28.538] 移除顶吸最后一次动作
[2025-04-11 16:25:28.538] 整面码垛任务完成，回到顶吸中间过渡点
[2025-04-11 16:25:28.650] 运动到顶吸中间过渡点中...
[2025-04-11 16:25:29.780] 到达顶吸中间过渡点
[2025-04-11 16:25:29.780] 检测AGV距离前方距离为：0.764 
[2025-04-11 16:25:29.780] 后退距离为：250 
[2025-04-11 16:25:29.780] 开始控制AGV自主导航后退
[2025-04-11 16:25:29.780] AGV后退中
[2025-04-11 16:25:59.138] AGV后退完成
[2025-04-11 16:25:59.138] AGV自主导航后退完成
[2025-04-11 16:25:59.239] 导航角度偏差为：0.005 
[2025-04-11 16:25:59.239] AGV第 2 次导航成功（后退）
[2025-04-11 16:25:59.239] 当前相机识别基准点模式为: 箱子基准点
[2025-04-11 16:25:59.239] 开始进行基准点检测
[2025-04-11 16:25:59.239] 开始对相机摆台进行控制
[2025-04-11 16:25:59.293] 正在控制摆台运动到左下(角度1)
[2025-04-11 16:25:59.393] 摆台到达左下(角度1)
[2025-04-11 16:25:59.393] 传统方法进行检测
[2025-04-11 16:25:59.393] 检测AGV距离前方距离为：1.26 
[2025-04-11 16:25:59.393] 检测AGV距离左边距离为：0.401 
[2025-04-11 16:26:03.393] 基准点 X坐标: 1.53933 , 基准点 y坐标: 1.57885 , 基准点 z坐标: -0.643575 , 基准点 rX坐标: 0 , 基准点 ry坐标: 0 , 基准点 rz坐标: 0 
[2025-04-11 16:26:03.393] 基准点符合要求，可以使用
[2025-04-11 16:26:03.393] 基准点检测完成
[2025-04-11 16:26:03.393] 开始解析垛型并执行第 2 面的码垛任务
[2025-04-11 16:26:03.393] 进入侧吸模式！
[2025-04-11 16:26:03.393] 机器人运动的目标点x值为: 1169.33 , 目标点y值为: -426.152 , 目标点z值为: 1012.43 
[2025-04-11 16:26:03.393] 机器人运动的目标点姿态rx值为: -1.48 , 目标点姿态ry值为: 90 , 目标点姿态rz值为: 180 
[2025-04-11 16:26:03.393] 开始发送第一次抓取的产品尺寸L: 500 , 产品尺寸W为: 395 , 产品尺寸H为: 300 , 产品数量:  1 
[2025-04-11 16:26:03.393] 开始当前箱子侧吸码垛
[2025-04-11 16:26:03.393] 机器人先运动到顶吸转侧吸过渡点
[2025-04-11 16:26:03.498] 右侧箱子侧吸取料后方:
[2025-04-11 16:26:03.498] 箱子抓取模式为3/4:
[2025-04-11 16:26:03.498] 机器人运动到侧吸取料点后方(单箱模式)
[2025-04-11 16:26:03.621] 等待允许取料信号...
[2025-04-11 16:26:08.741] 发送抓取的产品尺寸L: 500 , 产品尺寸W为: 395 , 产品尺寸H为: 300 , 产品数量:  2 
[2025-04-11 16:26:08.741] 右侧箱子侧吸取料点:
[2025-04-11 16:26:08.741] 箱子抓取模式为3/4:
[2025-04-11 16:26:08.741] 机器人运动到侧吸取料点(单箱模式)
[2025-04-11 16:26:08.850] 等待机器人运动到位...
[2025-04-11 16:26:11.438] 机器人已经运动到位
[2025-04-11 16:26:11.438] 打开吸盘
[2025-04-11 16:26:11.446] 检查吸盘真空信号中...
[2025-04-11 16:26:12.109] 吸盘检测到真空
[2025-04-11 16:26:12.109] 发送吸盘吸取OK信号
[2025-04-11 16:26:12.117] 等待允许机器人离开取料信号中...
[2025-04-11 16:26:13.008] 收到允许机器人离开取料信号
[2025-04-11 16:26:13.008] 发送取料完成信号
[2025-04-11 16:26:13.008] 右侧箱子侧吸取料离开过程:
[2025-04-11 16:26:13.008] 箱子抓取模式为3/4:
[2025-04-11 16:26:13.008] 机器人从取料点往外抬（单箱）
[2025-04-11 16:26:16.139] 机器人从取料点往外抬到位（单箱）
[2025-04-11 16:26:16.139] 机器人伸出底托（单箱）
[2025-04-11 16:26:16.346] 机器人运动到侧吸取料点上方点（多箱）
[2025-04-11 16:26:16.346] 运动到中间过渡点1
[2025-04-11 16:26:16.458] 运动到中间过渡点2
[2025-04-11 16:26:16.570] 高度低于1450.010mm过渡点
[2025-04-11 16:26:16.570] 中间过渡点3
[2025-04-11 16:26:16.682] 右侧箱子侧吸放置点:
[2025-04-11 16:26:16.682] 侧吸右侧没有阻挡，可以直接过去码垛
[2025-04-11 16:26:16.682] 高度低于1450侧吸放置点后方
[2025-04-11 16:26:16.906] 侧吸模式码垛第一次
[2025-04-11 16:26:16.906] 高度低于1450侧吸放置目标点
[2025-04-11 16:26:17.018] 等待运动到侧吸放置目标点
[2025-04-11 16:26:55.162] 到达侧吸放置目标点
[2025-04-11 16:26:55.262] 底托缩回
[2025-04-11 16:26:55.272] 机器人松开吸盘中...
[2025-04-11 16:26:55.485] 机器人松开吸盘完成
[2025-04-11 16:26:55.593] 机器人远离目标点
[2025-04-11 16:26:55.705] 机器人往上运动
[2025-04-11 16:26:55.705] 中间过渡点3
[2025-04-11 16:26:55.817] 运动到中间过渡点2
[2025-04-11 16:26:55.929] 运动到中间过渡点1
[2025-04-11 16:26:56.041] 当前箱子侧吸码垛完成
[2025-04-11 16:26:56.041] 下一个待码垛箱子数值交换完成
[2025-04-11 16:26:56.041] 进入侧吸模式！
[2025-04-11 16:26:56.041] 机器人运动的目标点x值为: 1169.33 , 目标点y值为: 18.848 , 目标点z值为: 1012.43 
[2025-04-11 16:26:56.041] 机器人运动的目标点姿态rx值为: -1.48 , 目标点姿态ry值为: 90 , 目标点姿态rz值为: 180 
[2025-04-11 16:26:56.041] 开始当前箱子侧吸码垛
[2025-04-11 16:26:56.041] 右侧箱子侧吸取料后方:
[2025-04-11 16:26:56.041] 箱子抓取模式为3/4:
[2025-04-11 16:26:56.041] 机器人运动到侧吸取料点后方(多箱模式)
[2025-04-11 16:26:56.183] 等待允许取料信号...
[2025-04-11 16:26:56.183] 发送抓取的产品尺寸L: 500 , 产品尺寸W为: 395 , 产品尺寸H为: 300 , 产品数量:  1 
[2025-04-11 16:26:56.183] 右侧箱子侧吸取料点:
[2025-04-11 16:26:56.183] 箱子抓取模式为3/4:
[2025-04-11 16:26:56.183] 机器人运动到侧吸取料点(多箱模式)
[2025-04-11 16:26:56.289] 等待机器人运动到位...
[2025-04-11 16:27:19.789] 机器人已经运动到位
[2025-04-11 16:27:19.789] 打开吸盘
[2025-04-11 16:27:19.799] 检查吸盘真空信号中...
[2025-04-11 16:27:20.526] 吸盘检测到真空
[2025-04-11 16:27:20.526] 发送吸盘吸取OK信号
[2025-04-11 16:27:20.534] 等待允许机器人离开取料信号中...
[2025-04-11 16:27:20.881] 收到允许机器人离开取料信号
[2025-04-11 16:27:20.881] 发送取料完成信号
[2025-04-11 16:27:20.881] 右侧箱子侧吸取料离开过程:
[2025-04-11 16:27:20.881] 箱子抓取模式为3/4:
[2025-04-11 16:27:20.881] 机器人从取料点往外抬（多箱）
[2025-04-11 16:27:24.107] 机器人从取料点往外抬到位（多箱）
[2025-04-11 16:27:24.107] 机器人伸出底托（多箱）
[2025-04-11 16:27:24.313] 机器人运动到侧吸取料点上方点（多箱）
[2025-04-11 16:27:24.313] 运动到中间过渡点1
[2025-04-11 16:27:24.425] 运动到中间过渡点2
[2025-04-11 16:27:24.537] 高度低于1450.010mm过渡点
[2025-04-11 16:27:24.537] 中间过渡点3
[2025-04-11 16:27:24.649] 右侧箱子侧吸放置点:
[2025-04-11 16:27:24.649] 侧吸右侧没有阻挡，可以直接过去码垛
[2025-04-11 16:27:24.649] 高度低于1450侧吸放置点后方
[2025-04-11 16:27:24.985] 机器人运动到目标点
[2025-04-11 16:27:24.985] 等待运动到侧吸放置目标点
[2025-04-11 16:27:44.025] 到达侧吸放置目标点
[2025-04-11 16:27:44.125] 控制底托缩回
[2025-04-11 16:27:44.139] 机器人松开吸盘中...
[2025-04-11 16:27:44.384] 机器人松开吸盘完成
[2025-04-11 16:27:44.489] 往外远离产品
[2025-04-11 16:27:44.600] 机器人往上运动
[2025-04-11 16:27:44.601] 中间过渡点3
[2025-04-11 16:27:44.712] 运动到中间过渡点2
[2025-04-11 16:27:44.824] 运动到中间过渡点1
[2025-04-11 16:27:44.936] 当前箱子侧吸码垛完成
[2025-04-11 16:27:44.937] 下一个待码垛箱子数值交换完成
[2025-04-11 16:27:44.937] 进入侧吸模式！
[2025-04-11 16:27:44.937] 机器人运动的目标点x值为: 1274.33 , 目标点y值为: 758.848 , 目标点z值为: 1012.43 
[2025-04-11 16:27:44.937] 机器人运动的目标点姿态rx值为: -1.48 , 目标点姿态ry值为: 90 , 目标点姿态rz值为: 180 
[2025-04-11 16:27:44.937] 开始当前箱子侧吸码垛
[2025-04-11 16:27:44.937] 右侧箱子侧吸取料后方:
[2025-04-11 16:27:44.937] 箱子抓取模式为1/2:
[2025-04-11 16:27:44.937] 机器人运动到侧吸取料点后方(单箱模式)
[2025-04-11 16:27:45.056] 等待允许取料信号...
[2025-04-11 16:27:45.056] 发送抓取的产品尺寸L: 500 , 产品尺寸W为: 395 , 产品尺寸H为: 300 , 产品数量:  1 
[2025-04-11 16:27:45.056] 右侧箱子侧吸取料点:
[2025-04-11 16:27:45.056] 箱子抓取模式为1/2:
[2025-04-11 16:27:45.056] 机器人运动到侧吸取料点(单箱模式)
[2025-04-11 16:27:45.161] 等待机器人运动到位...
[2025-04-11 16:28:03.331] 机器人已经运动到位
[2025-04-11 16:28:03.331] 打开吸盘
[2025-04-11 16:28:03.339] 检查吸盘真空信号中...
[2025-04-11 16:28:04.016] 吸盘检测到真空
[2025-04-11 16:28:04.016] 发送吸盘吸取OK信号
[2025-04-11 16:28:04.026] 等待允许机器人离开取料信号中...
[2025-04-11 16:28:04.817] 收到允许机器人离开取料信号
[2025-04-11 16:28:04.817] 发送取料完成信号
[2025-04-11 16:28:04.817] 右侧箱子侧吸取料离开过程:
[2025-04-11 16:28:04.817] 箱子抓取模式为1/2:
[2025-04-11 16:28:04.817] 机器人从取料点往外抬（单箱）
[2025-04-11 16:28:05.915] 机器人从取料点往外抬到位（单箱）
[2025-04-11 16:28:05.915] 机器人伸出底托（单箱）
[2025-04-11 16:28:06.128] 机器人运动到侧吸取料点上方点（单箱）
[2025-04-11 16:28:06.128] 运动到中间过渡点1
[2025-04-11 16:28:06.240] 运动到中间过渡点2
[2025-04-11 16:28:06.352] 高度低于1450.010mm过渡点
[2025-04-11 16:28:06.352] 中间过渡点3
[2025-04-11 16:28:06.464] 右侧箱子侧吸放置点:
[2025-04-11 16:28:06.464] 侧吸右侧有阻挡，需要错开一个箱子距离码垛
[2025-04-11 16:28:06.464] 高度低于1450侧吸放置点后方（模式1/2）
[2025-04-11 16:28:06.800] 机器人运动到目标点
[2025-04-11 16:28:06.800] 等待运动到侧吸放置目标点
[2025-04-11 16:28:10.332] 到达侧吸放置目标点
[2025-04-11 16:28:10.432] 控制底托缩回
[2025-04-11 16:28:10.440] 机器人松开吸盘中...
[2025-04-11 16:28:11.044] 机器人松开吸盘完成
[2025-04-11 16:28:11.152] 往外远离产品
[2025-04-11 16:28:11.264] 机器人往上运动
[2025-04-11 16:28:11.264] 中间过渡点3
[2025-04-11 16:28:11.376] 运动到中间过渡点2
[2025-04-11 16:28:11.488] 运动到中间过渡点1
[2025-04-11 16:28:11.600] 当前箱子侧吸码垛完成
[2025-04-11 16:28:11.600] 下一个待码垛箱子数值交换完成
[2025-04-11 16:28:11.600] 进入侧吸模式！
[2025-04-11 16:28:11.600] 机器人运动的目标点x值为: 1274.33 , 目标点y值为: 1228.85 , 目标点z值为: 1012.43 
[2025-04-11 16:28:11.600] 机器人运动的目标点姿态rx值为: -1.48 , 目标点姿态ry值为: 90 , 目标点姿态rz值为: 180 
[2025-04-11 16:28:11.600] 开始当前箱子侧吸码垛
[2025-04-11 16:28:11.600] 最左侧箱子侧吸取料后方:
[2025-04-11 16:28:11.600] 箱子抓取模式为1/2:
[2025-04-11 16:28:11.600] 机器人运动到侧吸取料点后方(单箱模式)
[2025-04-11 16:28:11.720] 等待允许取料信号...
[2025-04-11 16:28:12.623] 发送抓取的产品尺寸L: 500 , 产品尺寸W为: 395 , 产品尺寸H为: 300 , 产品数量:  1 
[2025-04-11 16:28:12.623] 最左侧箱子侧吸取料点:
[2025-04-11 16:28:12.623] 箱子抓取模式为1/2:
[2025-04-11 16:28:12.623] 机器人运动到侧吸取料点(单箱模式)
[2025-04-11 16:28:12.728] 等待机器人运动到位...
[2025-04-11 16:28:15.372] 机器人已经运动到位
[2025-04-11 16:28:15.372] 打开吸盘
[2025-04-11 16:28:15.394] 检查吸盘真空信号中...
[2025-04-11 16:28:16.065] 吸盘检测到真空
[2025-04-11 16:28:16.065] 发送吸盘吸取OK信号
[2025-04-11 16:28:16.073] 等待允许机器人离开取料信号中...
[2025-04-11 16:28:16.864] 收到允许机器人离开取料信号
[2025-04-11 16:28:16.864] 发送取料完成信号
[2025-04-11 16:28:16.864] 最左侧箱子侧吸取料离开过程:
[2025-04-11 16:28:16.864] 箱子抓取模式为1/2:
[2025-04-11 16:28:16.864] 机器人从取料点往外抬（单箱）
[2025-04-11 16:28:17.579] 机器人从取料点往外抬到位（单箱）
[2025-04-11 16:28:17.579] 机器人伸出底托（单箱）
[2025-04-11 16:28:17.792] 机器人运动到侧吸取料点上方点（单箱）
[2025-04-11 16:28:17.792] 运动到中间过渡点1
[2025-04-11 16:28:17.904] 运动到中间过渡点2
[2025-04-11 16:28:18.016] 高度低于1450.010mm过渡点
[2025-04-11 16:28:18.016] 中间过渡点3
[2025-04-11 16:28:18.128] 最左侧箱子侧吸放置点:
[2025-04-11 16:28:18.128] 高度小于1450mm码垛后方过渡点（模式1/2）
[2025-04-11 16:28:18.240] 等待机器人运动到后方过渡点
[2025-04-11 16:28:21.320] 机器人到达后方过渡点
[2025-04-11 16:28:21.320] 底托缩回
[2025-04-11 16:28:21.528] 运动到目标点偏右过渡点
[2025-04-11 16:28:21.640] 运动到目标点
[2025-04-11 16:28:21.640] 等待机器人运动到目标点
[2025-04-11 16:28:22.572] 机器人到达目标点
[2025-04-11 16:28:22.572] 机器人松开吸盘
[2025-04-11 16:28:22.580] 等待吸盘松开完成
[2025-04-11 16:28:22.692] 吸盘松开完成
[2025-04-11 16:28:22.793] 机器人往后远离产品
[2025-04-11 16:28:23.016] 机器人往上运动（高度小于1450）
[2025-04-11 16:28:23.016] 中间过渡点3
[2025-04-11 16:28:23.128] 运动到中间过渡点2
[2025-04-11 16:28:23.240] 运动到中间过渡点1
[2025-04-11 16:28:23.352] 当前箱子侧吸码垛完成
[2025-04-11 16:28:23.352] 下一个待码垛箱子数值交换完成
[2025-04-11 16:28:23.352] 进入侧吸模式！
[2025-04-11 16:28:23.352] 机器人运动的目标点x值为: 1169.33 , 目标点y值为: -426.152 , 目标点z值为: 1312.43 
[2025-04-11 16:28:23.352] 机器人运动的目标点姿态rx值为: -1.48 , 目标点姿态ry值为: 90 , 目标点姿态rz值为: 180 
[2025-04-11 16:28:23.352] 开始当前箱子侧吸码垛
[2025-04-11 16:28:23.352] 右侧箱子侧吸取料后方:
[2025-04-11 16:28:23.352] 箱子抓取模式为3/4:
[2025-04-11 16:28:23.352] 机器人运动到侧吸取料点后方(单箱模式)
[2025-04-11 16:28:23.472] 等待允许取料信号...
[2025-04-11 16:28:24.757] 发送抓取的产品尺寸L: 500 , 产品尺寸W为: 395 , 产品尺寸H为: 300 , 产品数量:  2 
[2025-04-11 16:28:24.757] 右侧箱子侧吸取料点:
[2025-04-11 16:28:24.757] 箱子抓取模式为3/4:
[2025-04-11 16:28:24.757] 机器人运动到侧吸取料点(单箱模式)
[2025-04-11 16:28:24.864] 等待机器人运动到位...
[2025-04-11 16:28:27.178] 机器人已经运动到位
[2025-04-11 16:28:27.178] 打开吸盘
[2025-04-11 16:28:27.194] 检查吸盘真空信号中...
[2025-04-11 16:28:27.872] 吸盘检测到真空
[2025-04-11 16:28:27.872] 发送吸盘吸取OK信号
[2025-04-11 16:28:27.894] 等待允许机器人离开取料信号中...
[2025-04-11 16:28:28.823] 收到允许机器人离开取料信号
[2025-04-11 16:28:28.823] 发送取料完成信号
[2025-04-11 16:28:28.823] 右侧箱子侧吸取料离开过程:
[2025-04-11 16:28:28.824] 箱子抓取模式为3/4:
[2025-04-11 16:28:28.824] 机器人从取料点往外抬（单箱）
[2025-04-11 16:28:29.585] 机器人从取料点往外抬到位（单箱）
[2025-04-11 16:28:29.585] 机器人伸出底托（单箱）
[2025-04-11 16:28:29.792] 机器人运动到侧吸取料点上方点（多箱）
[2025-04-11 16:28:29.792] 运动到中间过渡点1
[2025-04-11 16:28:29.904] 运动到中间过渡点2
[2025-04-11 16:28:30.016] 高度低于1450.010mm过渡点
[2025-04-11 16:28:30.016] 中间过渡点3
[2025-04-11 16:28:30.128] 右侧箱子侧吸放置点:
[2025-04-11 16:28:30.128] 侧吸右侧没有阻挡，可以直接过去码垛
[2025-04-11 16:28:30.128] 高度低于1450侧吸放置点后方
[2025-04-11 16:28:30.464] 机器人运动到目标点
[2025-04-11 16:28:30.464] 等待运动到侧吸放置目标点
[2025-04-11 16:28:35.049] 到达侧吸放置目标点
[2025-04-11 16:28:35.150] 控制底托缩回
[2025-04-11 16:28:35.186] 机器人松开吸盘中...
[2025-04-11 16:28:35.406] 机器人松开吸盘完成
[2025-04-11 16:28:35.512] 往外远离产品
[2025-04-11 16:28:35.624] 机器人往上运动
[2025-04-11 16:28:35.624] 中间过渡点3
[2025-04-11 16:28:35.736] 运动到中间过渡点2
[2025-04-11 16:28:35.848] 运动到中间过渡点1
[2025-04-11 16:28:35.960] 当前箱子侧吸码垛完成
[2025-04-11 16:28:35.960] 下一个待码垛箱子数值交换完成
[2025-04-11 16:28:35.960] 进入侧吸模式！
[2025-04-11 16:28:35.960] 机器人运动的目标点x值为: 1169.33 , 目标点y值为: 18.848 , 目标点z值为: 1312.43 
[2025-04-11 16:28:35.960] 机器人运动的目标点姿态rx值为: -1.48 , 目标点姿态ry值为: 90 , 目标点姿态rz值为: 180 
[2025-04-11 16:28:35.960] 开始当前箱子侧吸码垛
[2025-04-11 16:28:35.960] 右侧箱子侧吸取料后方:
[2025-04-11 16:28:35.960] 箱子抓取模式为3/4:
[2025-04-11 16:28:35.960] 机器人运动到侧吸取料点后方(多箱模式)
[2025-04-11 16:28:36.083] 等待允许取料信号...
[2025-04-11 16:28:40.305] 发送抓取的产品尺寸L: 500 , 产品尺寸W为: 395 , 产品尺寸H为: 300 , 产品数量:  1 
[2025-04-11 16:28:40.305] 右侧箱子侧吸取料点:
[2025-04-11 16:28:40.305] 箱子抓取模式为3/4:
[2025-04-11 16:28:40.305] 机器人运动到侧吸取料点(多箱模式)
[2025-04-11 16:28:40.416] 等待机器人运动到位...
[2025-04-11 16:28:41.096] 机器人已经运动到位
[2025-04-11 16:28:41.096] 打开吸盘
[2025-04-11 16:28:41.102] 检查吸盘真空信号中...
[2025-04-11 16:28:41.872] 吸盘检测到真空
[2025-04-11 16:28:41.872] 发送吸盘吸取OK信号
[2025-04-11 16:28:41.894] 等待允许机器人离开取料信号中...
[2025-04-11 16:28:42.289] 收到允许机器人离开取料信号
[2025-04-11 16:28:42.289] 发送取料完成信号
[2025-04-11 16:28:42.289] 右侧箱子侧吸取料离开过程:
[2025-04-11 16:28:42.289] 箱子抓取模式为3/4:
[2025-04-11 16:28:42.289] 机器人从取料点往外抬（多箱）
[2025-04-11 16:28:43.112] 机器人从取料点往外抬到位（多箱）
[2025-04-11 16:28:43.113] 机器人伸出底托（多箱）
[2025-04-11 16:28:43.320] 机器人运动到侧吸取料点上方点（多箱）
[2025-04-11 16:28:43.320] 运动到中间过渡点1
[2025-04-11 16:28:43.432] 运动到中间过渡点2
[2025-04-11 16:28:43.544] 高度低于1450.010mm过渡点
[2025-04-11 16:28:43.544] 中间过渡点3
[2025-04-11 16:28:43.656] 右侧箱子侧吸放置点:
[2025-04-11 16:28:43.656] 侧吸右侧没有阻挡，可以直接过去码垛
[2025-04-11 16:28:43.656] 高度低于1450侧吸放置点后方
[2025-04-11 16:28:43.992] 机器人运动到目标点
[2025-04-11 16:28:43.992] 等待运动到侧吸放置目标点
[2025-04-11 16:28:47.578] 到达侧吸放置目标点
[2025-04-11 16:28:47.678] 控制底托缩回
[2025-04-11 16:28:47.686] 机器人松开吸盘中...
[2025-04-11 16:28:48.280] 机器人松开吸盘完成
[2025-04-11 16:28:48.392] 往外远离产品
[2025-04-11 16:28:48.504] 机器人往上运动
[2025-04-11 16:28:48.504] 中间过渡点3
[2025-04-11 16:28:48.616] 运动到中间过渡点2
[2025-04-11 16:28:48.728] 运动到中间过渡点1
[2025-04-11 16:28:48.840] 当前箱子侧吸码垛完成
[2025-04-11 16:28:48.840] 下一个待码垛箱子数值交换完成
[2025-04-11 16:28:48.840] 进入侧吸模式！
[2025-04-11 16:28:48.840] 机器人运动的目标点x值为: 1274.33 , 目标点y值为: 758.848 , 目标点z值为: 1312.43 
[2025-04-11 16:28:48.840] 机器人运动的目标点姿态rx值为: -1.48 , 目标点姿态ry值为: 90 , 目标点姿态rz值为: 180 
[2025-04-11 16:28:48.840] 开始当前箱子侧吸码垛
[2025-04-11 16:28:48.840] 右侧箱子侧吸取料后方:
[2025-04-11 16:28:48.840] 箱子抓取模式为1/2:
[2025-04-11 16:28:48.840] 机器人运动到侧吸取料点后方(单箱模式)
[2025-04-11 16:28:48.959] 等待允许取料信号...
[2025-04-11 16:28:49.878] 发送抓取的产品尺寸L: 500 , 产品尺寸W为: 395 , 产品尺寸H为: 300 , 产品数量:  1 
[2025-04-11 16:28:49.879] 右侧箱子侧吸取料点:
[2025-04-11 16:28:49.879] 箱子抓取模式为1/2:
[2025-04-11 16:28:49.879] 机器人运动到侧吸取料点(单箱模式)
[2025-04-11 16:28:49.984] 等待机器人运动到位...
[2025-04-11 16:28:52.909] 机器人已经运动到位
[2025-04-11 16:28:52.909] 打开吸盘
[2025-04-11 16:28:52.921] 检查吸盘真空信号中...
[2025-04-11 16:28:53.653] 吸盘检测到真空
[2025-04-11 16:28:53.653] 发送吸盘吸取OK信号
[2025-04-11 16:28:53.661] 等待允许机器人离开取料信号中...
[2025-04-11 16:28:54.445] 收到允许机器人离开取料信号
[2025-04-11 16:28:54.445] 发送取料完成信号
[2025-04-11 16:28:54.445] 右侧箱子侧吸取料离开过程:
[2025-04-11 16:28:54.446] 箱子抓取模式为1/2:
[2025-04-11 16:28:54.446] 机器人从取料点往外抬（单箱）
[2025-04-11 16:28:55.209] 机器人从取料点往外抬到位（单箱）
[2025-04-11 16:28:55.209] 机器人伸出底托（单箱）
[2025-04-11 16:28:55.416] 机器人运动到侧吸取料点上方点（单箱）
[2025-04-11 16:28:55.416] 运动到中间过渡点1
[2025-04-11 16:28:55.528] 运动到中间过渡点2
[2025-04-11 16:28:55.640] 高度低于1450.010mm过渡点
[2025-04-11 16:28:55.640] 中间过渡点3
[2025-04-11 16:28:55.752] 右侧箱子侧吸放置点:
[2025-04-11 16:28:55.752] 侧吸右侧有阻挡，需要错开一个箱子距离码垛
[2025-04-11 16:28:55.752] 高度低于1450侧吸放置点后方（模式1/2）
[2025-04-11 16:28:56.088] 机器人运动到目标点
[2025-04-11 16:28:56.088] 等待运动到侧吸放置目标点
[2025-04-11 16:28:59.487] 到达侧吸放置目标点
[2025-04-11 16:28:59.588] 控制底托缩回
[2025-04-11 16:28:59.596] 机器人松开吸盘中...
[2025-04-11 16:29:00.187] 机器人松开吸盘完成
[2025-04-11 16:29:00.296] 往外远离产品
[2025-04-11 16:29:00.408] 机器人往上运动
[2025-04-11 16:29:00.408] 中间过渡点3
[2025-04-11 16:29:00.520] 运动到中间过渡点2
[2025-04-11 16:29:00.632] 运动到中间过渡点1
[2025-04-11 16:29:00.744] 当前箱子侧吸码垛完成
[2025-04-11 16:29:00.744] 下一个待码垛箱子数值交换完成
[2025-04-11 16:29:00.744] 进入侧吸模式！
[2025-04-11 16:29:00.744] 机器人运动的目标点x值为: 1274.33 , 目标点y值为: 1228.85 , 目标点z值为: 1312.43 
[2025-04-11 16:29:00.744] 机器人运动的目标点姿态rx值为: -1.48 , 目标点姿态ry值为: 90 , 目标点姿态rz值为: 180 
[2025-04-11 16:29:00.744] 开始当前箱子侧吸码垛
[2025-04-11 16:29:00.744] 最左侧箱子侧吸取料后方:
[2025-04-11 16:29:00.744] 箱子抓取模式为1/2:
[2025-04-11 16:29:00.744] 机器人运动到侧吸取料点后方(单箱模式)
[2025-04-11 16:29:00.865] 等待允许取料信号...
[2025-04-11 16:29:02.129] 发送抓取的产品尺寸L: 500 , 产品尺寸W为: 395 , 产品尺寸H为: 300 , 产品数量:  1 
[2025-04-11 16:29:02.129] 最左侧箱子侧吸取料点:
[2025-04-11 16:29:02.129] 箱子抓取模式为1/2:
[2025-04-11 16:29:02.129] 机器人运动到侧吸取料点(单箱模式)
[2025-04-11 16:29:02.240] 等待机器人运动到位...
[2025-04-11 16:29:04.377] 机器人已经运动到位
[2025-04-11 16:29:04.377] 打开吸盘
[2025-04-11 16:29:04.397] 检查吸盘真空信号中...
[2025-04-11 16:29:05.123] 吸盘检测到真空
[2025-04-11 16:29:05.123] 发送吸盘吸取OK信号
[2025-04-11 16:29:05.147] 等待允许机器人离开取料信号中...
[2025-04-11 16:29:05.878] 收到允许机器人离开取料信号
[2025-04-11 16:29:05.878] 发送取料完成信号
[2025-04-11 16:29:05.878] 最左侧箱子侧吸取料离开过程:
[2025-04-11 16:29:05.878] 箱子抓取模式为1/2:
[2025-04-11 16:29:05.878] 机器人从取料点往外抬（单箱）
[2025-04-11 16:29:06.586] 机器人从取料点往外抬到位（单箱）
[2025-04-11 16:29:06.586] 机器人伸出底托（单箱）
[2025-04-11 16:29:06.792] 机器人运动到侧吸取料点上方点（单箱）
[2025-04-11 16:29:06.792] 运动到中间过渡点1
[2025-04-11 16:29:06.903] 运动到中间过渡点2
[2025-04-11 16:29:07.016] 高度低于1450.010mm过渡点
[2025-04-11 16:29:07.016] 中间过渡点3
[2025-04-11 16:29:07.128] 最左侧箱子侧吸放置点:
[2025-04-11 16:29:07.128] 高度小于1450mm码垛后方过渡点（模式1/2）
[2025-04-11 16:29:07.240] 等待机器人运动到后方过渡点
[2025-04-11 16:29:10.332] 机器人到达后方过渡点
[2025-04-11 16:29:10.332] 底托缩回
[2025-04-11 16:29:10.543] 运动到目标点偏右过渡点
[2025-04-11 16:29:10.655] 运动到目标点
[2025-04-11 16:29:10.656] 等待机器人运动到目标点
[2025-04-11 16:29:11.434] 机器人到达目标点
[2025-04-11 16:29:11.434] 机器人松开吸盘
[2025-04-11 16:29:11.442] 等待吸盘松开完成
[2025-04-11 16:29:11.556] 吸盘松开完成
[2025-04-11 16:29:11.657] 机器人往后远离产品
[2025-04-11 16:29:11.879] 机器人往上运动（高度小于1450）
[2025-04-11 16:29:11.880] 中间过渡点3
[2025-04-11 16:29:11.991] 运动到中间过渡点2
[2025-04-11 16:29:12.103] 运动到中间过渡点1
[2025-04-11 16:29:12.215] 当前箱子侧吸码垛完成
[2025-04-11 16:29:12.216] 下一个待码垛箱子数值交换完成
[2025-04-11 16:29:12.216] 进入侧吸模式！
[2025-04-11 16:29:12.216] 机器人运动的目标点x值为: 1169.33 , 目标点y值为: -426.152 , 目标点z值为: 1612.43 
[2025-04-11 16:29:12.216] 机器人运动的目标点姿态rx值为: -1.48 , 目标点姿态ry值为: 90 , 目标点姿态rz值为: 180 
[2025-04-11 16:29:12.216] 开始当前箱子侧吸码垛
[2025-04-11 16:29:12.216] 右侧箱子侧吸取料后方:
[2025-04-11 16:29:12.216] 箱子抓取模式为3/4:
[2025-04-11 16:29:12.216] 机器人运动到侧吸取料点后方(单箱模式)
[2025-04-11 16:29:12.337] 等待允许取料信号...
[2025-04-11 16:29:13.540] 发送抓取的产品尺寸L: 500 , 产品尺寸W为: 395 , 产品尺寸H为: 300 , 产品数量:  2 
[2025-04-11 16:29:13.540] 右侧箱子侧吸取料点:
[2025-04-11 16:29:13.540] 箱子抓取模式为3/4:
[2025-04-11 16:29:13.540] 机器人运动到侧吸取料点(单箱模式)
[2025-04-11 16:29:13.647] 等待机器人运动到位...
[2025-04-11 16:29:15.995] 机器人已经运动到位
[2025-04-11 16:29:15.995] 打开吸盘
[2025-04-11 16:29:16.003] 检查吸盘真空信号中...
[2025-04-11 16:29:16.711] 吸盘检测到真空
[2025-04-11 16:29:16.711] 发送吸盘吸取OK信号
[2025-04-11 16:29:16.719] 等待允许机器人离开取料信号中...
[2025-04-11 16:29:17.625] 收到允许机器人离开取料信号
[2025-04-11 16:29:17.625] 发送取料完成信号
[2025-04-11 16:29:17.625] 右侧箱子侧吸取料离开过程:
[2025-04-11 16:29:17.625] 箱子抓取模式为3/4:
[2025-04-11 16:29:17.625] 机器人从取料点往外抬（单箱）
[2025-04-11 16:29:18.393] 机器人从取料点往外抬到位（单箱）
[2025-04-11 16:29:18.393] 机器人伸出底托（单箱）
[2025-04-11 16:29:18.599] 机器人运动到侧吸取料点上方点（多箱）
[2025-04-11 16:29:18.599] 运动到中间过渡点1
[2025-04-11 16:29:18.711] 运动到中间过渡点2
[2025-04-11 16:29:18.823] 高度大于1450.010mm过渡点
[2025-04-11 16:29:18.823] 中间过渡点3
[2025-04-11 16:29:18.935] 右侧箱子侧吸放置点:
[2025-04-11 16:29:18.935] 侧吸右侧没有阻挡，可以直接过去码垛
[2025-04-11 16:29:18.935] 高度高于1450侧吸放置点后方
[2025-04-11 16:29:19.159] 机器人运动到目标点
[2025-04-11 16:29:19.159] 等待运动到侧吸放置目标点
[2025-04-11 16:29:22.812] 到达侧吸放置目标点
[2025-04-11 16:29:22.913] 控制底托缩回
[2025-04-11 16:29:22.923] 机器人松开吸盘中...
[2025-04-11 16:29:23.508] 机器人松开吸盘完成
[2025-04-11 16:29:23.615] 往外远离产品
[2025-04-11 16:29:23.727] 机器人往上运动
[2025-04-11 16:29:23.727] 中间过渡点3
[2025-04-11 16:29:23.839] 运动到中间过渡点2
[2025-04-11 16:29:23.951] 运动到中间过渡点1
[2025-04-11 16:29:24.063] 当前箱子侧吸码垛完成
[2025-04-11 16:29:24.063] 下一个待码垛箱子数值交换完成
[2025-04-11 16:29:24.063] 进入侧吸模式！
[2025-04-11 16:29:24.063] 机器人运动的目标点x值为: 1169.33 , 目标点y值为: 18.848 , 目标点z值为: 1612.43 
[2025-04-11 16:29:24.063] 机器人运动的目标点姿态rx值为: -1.48 , 目标点姿态ry值为: 90 , 目标点姿态rz值为: 180 
[2025-04-11 16:29:24.063] 开始当前箱子侧吸码垛
[2025-04-11 16:29:24.063] 右侧箱子侧吸取料后方:
[2025-04-11 16:29:24.063] 箱子抓取模式为3/4:
[2025-04-11 16:29:24.063] 机器人运动到侧吸取料点后方(多箱模式)
[2025-04-11 16:29:24.185] 等待允许取料信号...
[2025-04-11 16:29:29.243] 发送抓取的产品尺寸L: 500 , 产品尺寸W为: 395 , 产品尺寸H为: 300 , 产品数量:  1 
[2025-04-11 16:29:29.243] 右侧箱子侧吸取料点:
[2025-04-11 16:29:29.243] 箱子抓取模式为3/4:
[2025-04-11 16:29:29.243] 机器人运动到侧吸取料点(多箱模式)
[2025-04-11 16:29:29.351] 等待机器人运动到位...
[2025-04-11 16:29:29.821] 机器人已经运动到位
[2025-04-11 16:29:29.821] 打开吸盘
[2025-04-11 16:29:29.831] 检查吸盘真空信号中...
[2025-04-11 16:29:30.622] 吸盘检测到真空
[2025-04-11 16:29:30.622] 发送吸盘吸取OK信号
[2025-04-11 16:29:30.644] 等待允许机器人离开取料信号中...
[2025-04-11 16:29:31.005] 收到允许机器人离开取料信号
[2025-04-11 16:29:31.005] 发送取料完成信号
[2025-04-11 16:29:31.005] 右侧箱子侧吸取料离开过程:
[2025-04-11 16:29:31.005] 箱子抓取模式为3/4:
[2025-04-11 16:29:31.005] 机器人从取料点往外抬（多箱）
[2025-04-11 16:29:31.791] 机器人从取料点往外抬到位（多箱）
[2025-04-11 16:29:31.791] 机器人伸出底托（多箱）
[2025-04-11 16:29:31.999] 机器人运动到侧吸取料点上方点（多箱）
[2025-04-11 16:29:31.999] 运动到中间过渡点1
[2025-04-11 16:29:32.111] 运动到中间过渡点2
[2025-04-11 16:29:32.223] 高度大于1450.010mm过渡点
[2025-04-11 16:29:32.223] 中间过渡点3
[2025-04-11 16:29:32.335] 右侧箱子侧吸放置点:
[2025-04-11 16:29:32.335] 侧吸右侧没有阻挡，可以直接过去码垛
[2025-04-11 16:29:32.335] 高度高于1450侧吸放置点后方
[2025-04-11 16:29:32.559] 机器人运动到目标点
[2025-04-11 16:29:32.559] 等待运动到侧吸放置目标点
[2025-04-11 16:29:35.771] 到达侧吸放置目标点
[2025-04-11 16:29:35.872] 控制底托缩回
[2025-04-11 16:29:35.906] 机器人松开吸盘中...
[2025-04-11 16:29:36.129] 机器人松开吸盘完成
[2025-04-11 16:29:36.239] 往外远离产品
[2025-04-11 16:29:36.351] 机器人往上运动
[2025-04-11 16:29:36.351] 中间过渡点3
[2025-04-11 16:29:36.463] 运动到中间过渡点2
[2025-04-11 16:29:36.575] 运动到中间过渡点1
[2025-04-11 16:29:36.687] 当前箱子侧吸码垛完成
[2025-04-11 16:29:36.687] 下一个待码垛箱子数值交换完成
[2025-04-11 16:29:36.687] 进入侧吸模式！
[2025-04-11 16:29:36.687] 机器人运动的目标点x值为: 1274.33 , 目标点y值为: 758.848 , 目标点z值为: 1612.43 
[2025-04-11 16:29:36.687] 机器人运动的目标点姿态rx值为: -1.48 , 目标点姿态ry值为: 90 , 目标点姿态rz值为: 180 
[2025-04-11 16:29:36.687] 开始当前箱子侧吸码垛
[2025-04-11 16:29:36.687] 右侧箱子侧吸取料后方:
[2025-04-11 16:29:36.687] 箱子抓取模式为1/2:
[2025-04-11 16:29:36.687] 机器人运动到侧吸取料点后方(单箱模式)
[2025-04-11 16:29:36.805] 等待允许取料信号...
[2025-04-11 16:29:38.694] 发送抓取的产品尺寸L: 500 , 产品尺寸W为: 395 , 产品尺寸H为: 300 , 产品数量:  1 
[2025-04-11 16:29:38.694] 右侧箱子侧吸取料点:
[2025-04-11 16:29:38.694] 箱子抓取模式为1/2:
[2025-04-11 16:29:38.694] 机器人运动到侧吸取料点(单箱模式)
[2025-04-11 16:29:38.799] 等待机器人运动到位...
[2025-04-11 16:29:40.433] 机器人已经运动到位
[2025-04-11 16:29:40.433] 打开吸盘
[2025-04-11 16:29:40.441] 检查吸盘真空信号中...
[2025-04-11 16:29:41.145] 吸盘检测到真空
[2025-04-11 16:29:41.145] 发送吸盘吸取OK信号
[2025-04-11 16:29:41.179] 等待允许机器人离开取料信号中...
[2025-04-11 16:29:41.960] 收到允许机器人离开取料信号
[2025-04-11 16:29:41.960] 发送取料完成信号
[2025-04-11 16:29:41.960] 右侧箱子侧吸取料离开过程:
[2025-04-11 16:29:41.960] 箱子抓取模式为1/2:
[2025-04-11 16:29:41.960] 机器人从取料点往外抬（单箱）
[2025-04-11 16:29:42.729] 机器人从取料点往外抬到位（单箱）
[2025-04-11 16:29:42.729] 机器人伸出底托（单箱）
[2025-04-11 16:29:42.935] 机器人运动到侧吸取料点上方点（单箱）
[2025-04-11 16:29:42.935] 运动到中间过渡点1
[2025-04-11 16:29:43.047] 运动到中间过渡点2
[2025-04-11 16:29:43.159] 高度大于1450.010mm过渡点
[2025-04-11 16:29:43.159] 中间过渡点3
[2025-04-11 16:29:43.271] 右侧箱子侧吸放置点:
[2025-04-11 16:29:43.271] 侧吸右侧有阻挡，需要错开一个箱子距离码垛
[2025-04-11 16:29:43.271] 高度高于1450侧吸放置点后方（模式1/2）
[2025-04-11 16:29:43.495] 机器人运动到目标点
[2025-04-11 16:29:43.495] 等待运动到侧吸放置目标点
[2025-04-11 16:29:46.521] 到达侧吸放置目标点
[2025-04-11 16:29:46.622] 控制底托缩回
[2025-04-11 16:29:46.644] 机器人松开吸盘中...
[2025-04-11 16:29:47.229] 机器人松开吸盘完成
[2025-04-11 16:29:47.335] 往外远离产品
[2025-04-11 16:29:47.447] 机器人往上运动
[2025-04-11 16:29:47.447] 中间过渡点3
[2025-04-11 16:29:47.559] 运动到中间过渡点2
[2025-04-11 16:29:47.671] 运动到中间过渡点1
[2025-04-11 16:29:47.783] 当前箱子侧吸码垛完成
[2025-04-11 16:29:47.783] 下一个待码垛箱子数值交换完成
[2025-04-11 16:29:47.783] 记录侧吸最后一次动作
[2025-04-11 16:29:47.783] 进入侧吸模式！
[2025-04-11 16:29:47.783] 机器人运动的目标点x值为: 1274.33 , 目标点y值为: 1228.85 , 目标点z值为: 1612.43 
[2025-04-11 16:29:47.783] 机器人运动的目标点姿态rx值为: -1.48 , 目标点姿态ry值为: 90 , 目标点姿态rz值为: 180 
[2025-04-11 16:29:47.783] 开始当前箱子侧吸码垛
[2025-04-11 16:29:47.783] 最左侧箱子侧吸取料后方:
[2025-04-11 16:29:47.783] 箱子抓取模式为1/2:
[2025-04-11 16:29:47.783] 机器人运动到侧吸取料点后方(单箱模式)
[2025-04-11 16:29:47.902] 等待允许取料信号...
[2025-04-11 16:29:49.447] 最左侧箱子侧吸取料点:
[2025-04-11 16:29:49.447] 箱子抓取模式为1/2:
[2025-04-11 16:29:49.447] 机器人运动到侧吸取料点(单箱模式)
[2025-04-11 16:29:49.559] 等待机器人运动到位...
[2025-04-11 16:29:51.279] 机器人已经运动到位
[2025-04-11 16:29:51.279] 打开吸盘
[2025-04-11 16:29:51.288] 检查吸盘真空信号中...
[2025-04-11 16:29:52.004] 吸盘检测到真空
[2025-04-11 16:29:52.004] 发送吸盘吸取OK信号
[2025-04-11 16:29:52.010] 等待允许机器人离开取料信号中...
[2025-04-11 16:29:52.842] 收到允许机器人离开取料信号
[2025-04-11 16:29:52.842] 发送取料完成信号
[2025-04-11 16:29:52.842] 最左侧箱子侧吸取料离开过程:
[2025-04-11 16:29:52.842] 箱子抓取模式为1/2:
[2025-04-11 16:29:52.842] 机器人从取料点往外抬（单箱）
[2025-04-11 16:29:53.576] 机器人从取料点往外抬到位（单箱）
[2025-04-11 16:29:53.576] 机器人伸出底托（单箱）
[2025-04-11 16:29:53.783] 机器人运动到侧吸取料点上方点（单箱）
[2025-04-11 16:29:53.783] 运动到中间过渡点1
[2025-04-11 16:29:53.895] 运动到中间过渡点2
[2025-04-11 16:29:54.007] 高度大于1450.010mm过渡点
[2025-04-11 16:29:54.007] 中间过渡点3
[2025-04-11 16:29:54.119] 最左侧箱子侧吸放置点:
[2025-04-11 16:29:54.119] 高度大于1450mm码垛后方过渡点（模式1/2）
[2025-04-11 16:29:54.231] 等待机器人运动到后方过渡点
[2025-04-11 16:29:57.226] 机器人到达后方过渡点
[2025-04-11 16:29:57.226] 底托缩回
[2025-04-11 16:29:57.431] 运动到目标点偏右过渡点
[2025-04-11 16:29:57.543] 运动到目标点
[2025-04-11 16:29:57.543] 等待机器人运动到目标点
[2025-04-11 16:29:58.333] 机器人到达目标点
[2025-04-11 16:29:58.333] 机器人松开吸盘
[2025-04-11 16:29:58.343] 等待吸盘松开完成
[2025-04-11 16:29:58.454] 吸盘松开完成
[2025-04-11 16:29:58.555] 机器人往后远离产品
[2025-04-11 16:29:58.775] 机器人往上运动
[2025-04-11 16:29:58.775] 中间过渡点3
[2025-04-11 16:29:58.887] 运动到中间过渡点2
[2025-04-11 16:29:58.999] 当前箱子侧吸码垛完成
[2025-04-11 16:29:58.999] 下一个待码垛箱子数值交换完成
[2025-04-11 16:29:58.999] 移除侧吸最后一次动作
[2025-04-11 16:29:58.999] 进入顶吸模式！
[2025-04-11 16:29:59.111] 运动到侧吸转顶吸中间过渡点
[2025-04-11 16:29:59.111] 机器人运动的目标点x值为: 1159.33 , 目标点y值为: -426.152 , 目标点z值为: -76.5746 
[2025-04-11 16:29:59.111] 机器人运动的目标点姿态rx值为: -1.48 , 目标点姿态ry值为: 90 , 目标点姿态rz值为: 180 
[2025-04-11 16:29:59.111] 开始发送第一次抓取的产品尺寸L: 500 , 产品尺寸W为: 395 , 产品尺寸H为: 300 , 产品数量:  1 
[2025-04-11 16:29:59.111] 开始当前箱子顶吸码垛
[2025-04-11 16:29:59.111] 顶吸右边取料模式（来料模式3/4）
[2025-04-11 16:29:59.230] 等待允许取料信号
[2025-04-11 16:30:04.697] 收到允许取料信号
[2025-04-11 16:30:04.697] 发送抓取的产品尺寸L: 500 , 产品尺寸W为: 395 , 产品尺寸H为: 300 , 产品数量:  2 
[2025-04-11 16:30:04.807] 运动到取料点（单箱）
[2025-04-11 16:30:04.807] 等待运动到取料点
[2025-04-11 16:30:05.103] 到达取料点
[2025-04-11 16:30:05.111] 打开吸盘中...
[2025-04-11 16:30:05.876] 打开吸盘完成
[2025-04-11 16:30:05.876] 发送机器人吸取ok
[2025-04-11 16:30:05.892] 等待允许机器人离开取料
[2025-04-11 16:30:06.761] 收到允许机器人离开取料信号
[2025-04-11 16:30:06.761] 发送取料完成信号
[2025-04-11 16:30:06.761] 顶吸右边取料点上方（模式3/4，单箱）
[2025-04-11 16:30:06.871] 运动到中间过渡点
[2025-04-11 16:30:06.983] 运动到前方过渡点
[2025-04-11 16:30:07.095] 运动到最右侧目标点前过渡点
[2025-04-11 16:30:07.095] 不需要避开第一面地面
[2025-04-11 16:30:07.207] 等待运动到目标点...
[2025-04-11 16:30:09.805] 到达目标点
[2025-04-11 16:30:09.813] 等待吸盘关闭...
[2025-04-11 16:30:10.026] 吸盘关闭完成
[2025-04-11 16:30:10.135] 机器人向上运动
[2025-04-11 16:30:10.135] 当前箱子顶吸码垛完成
[2025-04-11 16:30:10.247] 回到顶吸中间过渡点
[2025-04-11 16:30:10.247] 下一个待码垛箱子数值交换完成
[2025-04-11 16:30:10.247] 进入顶吸模式！
[2025-04-11 16:30:10.247] 机器人运动的目标点x值为: 1159.33 , 目标点y值为: 18.848 , 目标点z值为: -76.5746 
[2025-04-11 16:30:10.247] 机器人运动的目标点姿态rx值为: -1.48 , 目标点姿态ry值为: 90 , 目标点姿态rz值为: 180 
[2025-04-11 16:30:10.247] 开始当前箱子顶吸码垛
[2025-04-11 16:30:10.247] 顶吸右边取料模式（来料模式3/4）
[2025-04-11 16:30:10.366] 等待允许取料信号
[2025-04-11 16:30:16.466] 收到允许取料信号
[2025-04-11 16:30:16.467] 发送抓取的产品尺寸L: 500 , 产品尺寸W为: 395 , 产品尺寸H为: 300 , 产品数量:  1 
[2025-04-11 16:30:16.575] 运动到取料点（多箱）
[2025-04-11 16:30:16.575] 等待运动到取料点
[2025-04-11 16:30:16.903] 到达取料点
[2025-04-11 16:30:16.911] 打开吸盘中...
[2025-04-11 16:30:17.646] 打开吸盘完成
[2025-04-11 16:30:17.646] 发送机器人吸取ok
[2025-04-11 16:30:17.654] 等待允许机器人离开取料
[2025-04-11 16:30:18.017] 收到允许机器人离开取料信号
[2025-04-11 16:30:18.017] 发送取料完成信号
[2025-04-11 16:30:18.017] 顶吸右边取料点上方（模式3/4，多箱）
[2025-04-11 16:30:18.127] 运动到中间过渡点
[2025-04-11 16:30:18.239] 运动到前方过渡点
[2025-04-11 16:30:18.351] 不需要避开第一面地面
[2025-04-11 16:30:18.463] 等待运动到目标点...
[2025-04-11 16:30:21.082] 到达目标点
[2025-04-11 16:30:21.100] 等待吸盘关闭...
[2025-04-11 16:30:21.313] 吸盘关闭完成
[2025-04-11 16:30:21.423] 机器人向上运动
[2025-04-11 16:30:21.423] 当前箱子顶吸码垛完成
[2025-04-11 16:30:21.535] 回到顶吸中间过渡点
[2025-04-11 16:30:21.535] 下一个待码垛箱子数值交换完成
[2025-04-11 16:30:21.535] 进入顶吸模式！
[2025-04-11 16:30:21.535] 机器人运动的目标点x值为: 1316.83 , 目标点y值为: 758.848 , 目标点z值为: -76.5746 
[2025-04-11 16:30:21.535] 机器人运动的目标点姿态rx值为: -1.48 , 目标点姿态ry值为: 90 , 目标点姿态rz值为: 180 
[2025-04-11 16:30:21.535] 开始当前箱子顶吸码垛
[2025-04-11 16:30:21.535] 顶吸右边取料模式（来料模式1/2）
[2025-04-11 16:30:21.656] 等待允许取料信号
[2025-04-11 16:30:23.894] 收到允许取料信号
[2025-04-11 16:30:23.894] 发送抓取的产品尺寸L: 500 , 产品尺寸W为: 395 , 产品尺寸H为: 300 , 产品数量:  1 
[2025-04-11 16:30:23.999] 运动到取料点（单箱）
[2025-04-11 16:30:23.999] 等待运动到取料点
[2025-04-11 16:30:24.448] 到达取料点
[2025-04-11 16:30:24.458] 打开吸盘中...
[2025-04-11 16:30:25.251] 打开吸盘完成
[2025-04-11 16:30:25.251] 发送机器人吸取ok
[2025-04-11 16:30:25.259] 等待允许机器人离开取料
[2025-04-11 16:30:26.052] 收到允许机器人离开取料信号
[2025-04-11 16:30:26.052] 发送取料完成信号
[2025-04-11 16:30:26.052] 顶吸右边取料点上方（模式1/2，单箱）
[2025-04-11 16:30:26.159] 运动到中间过渡点
[2025-04-11 16:30:26.271] 运动到前方过渡点
[2025-04-11 16:30:26.383] 不需要避开第一面地面
[2025-04-11 16:30:26.495] 等待运动到目标点...
[2025-04-11 16:30:28.863] 到达目标点
[2025-04-11 16:30:28.875] 等待吸盘关闭...
[2025-04-11 16:30:29.487] 吸盘关闭完成
[2025-04-11 16:30:29.598] 机器人向上运动
[2025-04-11 16:30:29.599] 当前箱子顶吸码垛完成
[2025-04-11 16:30:29.710] 回到顶吸中间过渡点
[2025-04-11 16:30:29.711] 下一个待码垛箱子数值交换完成
[2025-04-11 16:30:29.711] 进入顶吸模式！
[2025-04-11 16:30:29.711] 机器人运动的目标点x值为: 1316.83 , 目标点y值为: 1228.85 , 目标点z值为: -76.5746 
[2025-04-11 16:30:29.711] 机器人运动的目标点姿态rx值为: -1.48 , 目标点姿态ry值为: 90 , 目标点姿态rz值为: 180 
[2025-04-11 16:30:29.711] 开始当前箱子顶吸码垛
[2025-04-11 16:30:29.711] 顶吸最左边取料模式（来料模式1/2）
[2025-04-11 16:30:29.830] 等待允许取料信号
[2025-04-11 16:30:31.567] 收到允许取料信号
[2025-04-11 16:30:31.567] 发送抓取的产品尺寸L: 500 , 产品尺寸W为: 395 , 产品尺寸H为: 300 , 产品数量:  1 
[2025-04-11 16:30:31.679] 运动到取料点（单箱）
[2025-04-11 16:30:31.679] 等待运动到取料点
[2025-04-11 16:30:32.412] 到达取料点
[2025-04-11 16:30:32.420] 打开吸盘中...
[2025-04-11 16:30:33.205] 打开吸盘完成
[2025-04-11 16:30:33.205] 发送机器人吸取ok
[2025-04-11 16:30:33.213] 等待允许机器人离开取料
[2025-04-11 16:30:34.010] 收到允许机器人离开取料信号
[2025-04-11 16:30:34.010] 发送取料完成信号
[2025-04-11 16:30:34.010] 顶吸最左边取料点上方（模式1/2，单箱）
[2025-04-11 16:30:34.230] 中间过渡点
[2025-04-11 16:30:34.230] 最左侧箱子模式
[2025-04-11 16:30:34.342] 运动到目标点后方过渡点
[2025-04-11 16:30:34.342] 不需要避开第一面地面
[2025-04-11 16:30:34.566] 等待运动到目标点...
[2025-04-11 16:30:37.450] 到达目标点
[2025-04-11 16:30:37.458] 关闭吸盘中...
[2025-04-11 16:30:37.672] 关闭吸盘完成
[2025-04-11 16:30:37.782] 机器人向上运动
[2025-04-11 16:30:37.782] 当前箱子顶吸码垛完成
[2025-04-11 16:30:37.894] 回到顶吸中间过渡点
[2025-04-11 16:30:37.894] 下一个待码垛箱子数值交换完成
[2025-04-11 16:30:37.894] 进入顶吸模式！
[2025-04-11 16:30:37.894] 机器人运动的目标点x值为: 1159.33 , 目标点y值为: -426.152 , 目标点z值为: 223.425 
[2025-04-11 16:30:37.894] 机器人运动的目标点姿态rx值为: -1.48 , 目标点姿态ry值为: 90 , 目标点姿态rz值为: 180 
[2025-04-11 16:30:37.895] 开始当前箱子顶吸码垛
[2025-04-11 16:30:37.895] 顶吸右边取料模式（来料模式3/4）
[2025-04-11 16:30:38.014] 等待允许取料信号
[2025-04-11 16:30:39.530] 收到允许取料信号
[2025-04-11 16:30:39.530] 发送抓取的产品尺寸L: 500 , 产品尺寸W为: 395 , 产品尺寸H为: 300 , 产品数量:  2 
[2025-04-11 16:30:39.638] 运动到取料点（单箱）
[2025-04-11 16:30:39.638] 等待运动到取料点
[2025-04-11 16:30:40.668] 到达取料点
[2025-04-11 16:30:40.676] 打开吸盘中...
[2025-04-11 16:30:41.398] 打开吸盘完成
[2025-04-11 16:30:41.398] 发送机器人吸取ok
[2025-04-11 16:30:41.408] 等待允许机器人离开取料
[2025-04-11 16:30:42.377] 收到允许机器人离开取料信号
[2025-04-11 16:30:42.378] 发送取料完成信号
[2025-04-11 16:30:42.378] 顶吸右边取料点上方（模式3/4，单箱）
[2025-04-11 16:30:42.486] 运动到中间过渡点
[2025-04-11 16:30:42.598] 运动到前方过渡点
[2025-04-11 16:30:42.710] 运动到最右侧目标点前过渡点
[2025-04-11 16:30:42.710] 不需要避开第一面地面
[2025-04-11 16:30:42.822] 等待运动到目标点...
[2025-04-11 16:30:45.280] 到达目标点
[2025-04-11 16:30:45.290] 等待吸盘关闭...
[2025-04-11 16:30:45.502] 吸盘关闭完成
[2025-04-11 16:30:45.614] 机器人向上运动
[2025-04-11 16:30:45.614] 当前箱子顶吸码垛完成
[2025-04-11 16:30:45.726] 回到顶吸中间过渡点
[2025-04-11 16:30:45.726] 下一个待码垛箱子数值交换完成
[2025-04-11 16:30:45.726] 进入顶吸模式！
[2025-04-11 16:30:45.726] 机器人运动的目标点x值为: 1159.33 , 目标点y值为: 18.848 , 目标点z值为: 223.425 
[2025-04-11 16:30:45.726] 机器人运动的目标点姿态rx值为: -1.48 , 目标点姿态ry值为: 90 , 目标点姿态rz值为: 180 
[2025-04-11 16:30:45.726] 开始当前箱子顶吸码垛
[2025-04-11 16:30:45.726] 顶吸右边取料模式（来料模式3/4）
[2025-04-11 16:30:45.846] 等待允许取料信号
[2025-04-11 16:30:51.806] 收到允许取料信号
[2025-04-11 16:30:51.806] 发送抓取的产品尺寸L: 500 , 产品尺寸W为: 395 , 产品尺寸H为: 300 , 产品数量:  1 
[2025-04-11 16:30:51.918] 运动到取料点（多箱）
[2025-04-11 16:30:51.918] 等待运动到取料点
[2025-04-11 16:30:52.236] 到达取料点
[2025-04-11 16:30:52.244] 打开吸盘中...
[2025-04-11 16:30:53.007] 打开吸盘完成
[2025-04-11 16:30:53.007] 发送机器人吸取ok
[2025-04-11 16:30:53.017] 等待允许机器人离开取料
[2025-04-11 16:30:53.380] 收到允许机器人离开取料信号
[2025-04-11 16:30:53.380] 发送取料完成信号
[2025-04-11 16:30:53.380] 顶吸右边取料点上方（模式3/4，多箱）
[2025-04-11 16:30:53.486] 运动到中间过渡点
[2025-04-11 16:30:53.598] 运动到前方过渡点
[2025-04-11 16:30:53.710] 不需要避开第一面地面
[2025-04-11 16:30:53.822] 等待运动到目标点...
[2025-04-11 16:30:56.266] 到达目标点
[2025-04-11 16:30:56.276] 等待吸盘关闭...
[2025-04-11 16:30:56.973] 吸盘关闭完成
[2025-04-11 16:30:57.078] 机器人向上运动
[2025-04-11 16:30:57.078] 当前箱子顶吸码垛完成
[2025-04-11 16:30:57.190] 回到顶吸中间过渡点
[2025-04-11 16:30:57.190] 下一个待码垛箱子数值交换完成
[2025-04-11 16:30:57.190] 进入顶吸模式！
[2025-04-11 16:30:57.190] 机器人运动的目标点x值为: 1316.83 , 目标点y值为: 758.848 , 目标点z值为: 223.425 
[2025-04-11 16:30:57.190] 机器人运动的目标点姿态rx值为: -1.48 , 目标点姿态ry值为: 90 , 目标点姿态rz值为: 180 
[2025-04-11 16:30:57.190] 开始当前箱子顶吸码垛
[2025-04-11 16:30:57.190] 顶吸右边取料模式（来料模式1/2）
[2025-04-11 16:30:57.310] 等待允许取料信号
[2025-04-11 16:30:59.567] 收到允许取料信号
[2025-04-11 16:30:59.567] 发送抓取的产品尺寸L: 500 , 产品尺寸W为: 395 , 产品尺寸H为: 300 , 产品数量:  1 
[2025-04-11 16:30:59.678] 运动到取料点（单箱）
[2025-04-11 16:30:59.678] 等待运动到取料点
[2025-04-11 16:31:00.007] 到达取料点
[2025-04-11 16:31:00.017] 打开吸盘中...
[2025-04-11 16:31:00.759] 打开吸盘完成
[2025-04-11 16:31:00.759] 发送机器人吸取ok
[2025-04-11 16:31:00.767] 等待允许机器人离开取料
[2025-04-11 16:31:01.575] 收到允许机器人离开取料信号
[2025-04-11 16:31:01.575] 发送取料完成信号
[2025-04-11 16:31:01.575] 顶吸右边取料点上方（模式1/2，单箱）
[2025-04-11 16:31:01.686] 运动到中间过渡点
[2025-04-11 16:31:01.798] 运动到前方过渡点
[2025-04-11 16:31:01.910] 不需要避开第一面地面
[2025-04-11 16:31:02.022] 等待运动到目标点...
[2025-04-11 16:31:04.236] 到达目标点
[2025-04-11 16:31:04.246] 等待吸盘关闭...
[2025-04-11 16:31:04.459] 吸盘关闭完成
[2025-04-11 16:31:04.566] 机器人向上运动
[2025-04-11 16:31:04.566] 当前箱子顶吸码垛完成
[2025-04-11 16:31:04.678] 回到顶吸中间过渡点
[2025-04-11 16:31:04.678] 下一个待码垛箱子数值交换完成
[2025-04-11 16:31:04.678] 进入顶吸模式！
[2025-04-11 16:31:04.678] 机器人运动的目标点x值为: 1316.83 , 目标点y值为: 1228.85 , 目标点z值为: 223.425 
[2025-04-11 16:31:04.678] 机器人运动的目标点姿态rx值为: -1.48 , 目标点姿态ry值为: 90 , 目标点姿态rz值为: 180 
[2025-04-11 16:31:04.678] 开始当前箱子顶吸码垛
[2025-04-11 16:31:04.678] 顶吸最左边取料模式（来料模式1/2）
[2025-04-11 16:31:04.800] 等待允许取料信号
[2025-04-11 16:31:07.254] 收到允许取料信号
[2025-04-11 16:31:07.254] 发送抓取的产品尺寸L: 500 , 产品尺寸W为: 395 , 产品尺寸H为: 300 , 产品数量:  1 
[2025-04-11 16:31:07.366] 运动到取料点（单箱）
[2025-04-11 16:31:07.366] 等待运动到取料点
[2025-04-11 16:31:07.695] 到达取料点
[2025-04-11 16:31:07.705] 打开吸盘中...
[2025-04-11 16:31:08.447] 打开吸盘完成
[2025-04-11 16:31:08.447] 发送机器人吸取ok
[2025-04-11 16:31:08.455] 等待允许机器人离开取料
[2025-04-11 16:31:09.260] 收到允许机器人离开取料信号
[2025-04-11 16:31:09.260] 发送取料完成信号
[2025-04-11 16:31:09.260] 顶吸最左边取料点上方（模式1/2，单箱）
[2025-04-11 16:31:09.478] 中间过渡点
[2025-04-11 16:31:09.478] 最左侧箱子模式
[2025-04-11 16:31:09.590] 运动到目标点后方过渡点
[2025-04-11 16:31:09.590] 不需要避开第一面地面
[2025-04-11 16:31:09.814] 等待运动到目标点...
[2025-04-11 16:31:12.544] 到达目标点
[2025-04-11 16:31:12.554] 关闭吸盘中...
[2025-04-11 16:31:12.765] 关闭吸盘完成
[2025-04-11 16:31:12.870] 机器人向上运动
[2025-04-11 16:31:12.870] 当前箱子顶吸码垛完成
[2025-04-11 16:31:12.982] 回到顶吸中间过渡点
[2025-04-11 16:31:12.982] 下一个待码垛箱子数值交换完成
[2025-04-11 16:31:12.982] 进入顶吸模式！
[2025-04-11 16:31:12.982] 机器人运动的目标点x值为: 1159.33 , 目标点y值为: -426.152 , 目标点z值为: 523.425 
[2025-04-11 16:31:12.982] 机器人运动的目标点姿态rx值为: -1.48 , 目标点姿态ry值为: 90 , 目标点姿态rz值为: 180 
[2025-04-11 16:31:12.982] 开始当前箱子顶吸码垛
[2025-04-11 16:31:12.982] 顶吸右边取料模式（来料模式3/4）
[2025-04-11 16:31:13.100] 等待允许取料信号
[2025-04-11 16:31:14.955] 收到允许取料信号
[2025-04-11 16:31:14.955] 发送抓取的产品尺寸L: 500 , 产品尺寸W为: 395 , 产品尺寸H为: 300 , 产品数量:  2 
[2025-04-11 16:31:15.062] 运动到取料点（单箱）
[2025-04-11 16:31:15.062] 等待运动到取料点
[2025-04-11 16:31:15.610] 到达取料点
[2025-04-11 16:31:15.620] 打开吸盘中...
[2025-04-11 16:31:16.352] 打开吸盘完成
[2025-04-11 16:31:16.352] 发送机器人吸取ok
[2025-04-11 16:31:16.360] 等待允许机器人离开取料
[2025-04-11 16:31:17.322] 收到允许机器人离开取料信号
[2025-04-11 16:31:17.322] 发送取料完成信号
[2025-04-11 16:31:17.322] 顶吸右边取料点上方（模式3/4，单箱）
[2025-04-11 16:31:17.430] 运动到中间过渡点
[2025-04-11 16:31:17.542] 运动到前方过渡点
[2025-04-11 16:31:17.654] 运动到最右侧目标点前过渡点
[2025-04-11 16:31:17.654] 不需要避开第一面地面
[2025-04-11 16:31:17.766] 等待运动到目标点...
[2025-04-11 16:31:20.080] 到达目标点
[2025-04-11 16:31:20.090] 等待吸盘关闭...
[2025-04-11 16:31:20.303] 吸盘关闭完成
[2025-04-11 16:31:20.414] 机器人向上运动
[2025-04-11 16:31:20.414] 当前箱子顶吸码垛完成
[2025-04-11 16:31:20.526] 回到顶吸中间过渡点
[2025-04-11 16:31:20.526] 下一个待码垛箱子数值交换完成
[2025-04-11 16:31:20.526] 进入顶吸模式！
[2025-04-11 16:31:20.526] 机器人运动的目标点x值为: 1159.33 , 目标点y值为: 18.848 , 目标点z值为: 523.425 
[2025-04-11 16:31:20.526] 机器人运动的目标点姿态rx值为: -1.48 , 目标点姿态ry值为: 90 , 目标点姿态rz值为: 180 
[2025-04-11 16:31:20.526] 开始当前箱子顶吸码垛
[2025-04-11 16:31:20.526] 顶吸右边取料模式（来料模式3/4）
[2025-04-11 16:31:20.648] 等待允许取料信号
[2025-04-11 16:31:26.942] 收到允许取料信号
[2025-04-11 16:31:26.942] 发送抓取的产品尺寸L: 500 , 产品尺寸W为: 395 , 产品尺寸H为: 300 , 产品数量:  1 
[2025-04-11 16:31:27.054] 运动到取料点（多箱）
[2025-04-11 16:31:27.054] 等待运动到取料点
[2025-04-11 16:31:27.372] 到达取料点
[2025-04-11 16:31:27.398] 打开吸盘中...
[2025-04-11 16:31:28.129] 打开吸盘完成
[2025-04-11 16:31:28.129] 发送机器人吸取ok
[2025-04-11 16:31:28.147] 等待允许机器人离开取料
[2025-04-11 16:31:28.534] 收到允许机器人离开取料信号
[2025-04-11 16:31:28.534] 发送取料完成信号
[2025-04-11 16:31:28.534] 顶吸右边取料点上方（模式3/4，多箱）
[2025-04-11 16:31:28.646] 运动到中间过渡点
[2025-04-11 16:31:28.758] 运动到前方过渡点
[2025-04-11 16:31:28.870] 不需要避开第一面地面
[2025-04-11 16:31:28.982] 等待运动到目标点...
[2025-04-11 16:31:31.263] 到达目标点
[2025-04-11 16:31:31.271] 等待吸盘关闭...
[2025-04-11 16:31:31.485] 吸盘关闭完成
[2025-04-11 16:31:31.590] 机器人向上运动
[2025-04-11 16:31:31.590] 当前箱子顶吸码垛完成
[2025-04-11 16:31:31.702] 回到顶吸中间过渡点
[2025-04-11 16:31:31.702] 下一个待码垛箱子数值交换完成
[2025-04-11 16:31:31.702] 进入顶吸模式！
[2025-04-11 16:31:31.702] 机器人运动的目标点x值为: 1316.83 , 目标点y值为: 758.848 , 目标点z值为: 523.425 
[2025-04-11 16:31:31.702] 机器人运动的目标点姿态rx值为: -1.48 , 目标点姿态ry值为: 90 , 目标点姿态rz值为: 180 
[2025-04-11 16:31:31.702] 开始当前箱子顶吸码垛
[2025-04-11 16:31:31.702] 顶吸右边取料模式（来料模式1/2）
[2025-04-11 16:31:31.821] 等待允许取料信号
[2025-04-11 16:31:34.448] 收到允许取料信号
[2025-04-11 16:31:34.448] 发送抓取的产品尺寸L: 500 , 产品尺寸W为: 395 , 产品尺寸H为: 300 , 产品数量:  1 
[2025-04-11 16:31:34.558] 运动到取料点（单箱）
[2025-04-11 16:31:34.558] 等待运动到取料点
[2025-04-11 16:31:34.854] 到达取料点
[2025-04-11 16:31:34.862] 打开吸盘中...
[2025-04-11 16:31:35.633] 打开吸盘完成
[2025-04-11 16:31:35.633] 发送机器人吸取ok
[2025-04-11 16:31:35.647] 等待允许机器人离开取料
[2025-04-11 16:31:36.448] 收到允许机器人离开取料信号
[2025-04-11 16:31:36.448] 发送取料完成信号
[2025-04-11 16:31:36.448] 顶吸右边取料点上方（模式1/2，单箱）
[2025-04-11 16:31:36.558] 运动到中间过渡点
[2025-04-11 16:31:36.670] 运动到前方过渡点
[2025-04-11 16:31:36.782] 不需要避开第一面地面
[2025-04-11 16:31:36.894] 等待运动到目标点...
[2025-04-11 16:31:38.988] 到达目标点
[2025-04-11 16:31:38.998] 等待吸盘关闭...
[2025-04-11 16:31:39.209] 吸盘关闭完成
[2025-04-11 16:31:39.318] 机器人向上运动
[2025-04-11 16:31:39.318] 当前箱子顶吸码垛完成
[2025-04-11 16:31:39.430] 回到顶吸中间过渡点
[2025-04-11 16:31:39.430] 下一个待码垛箱子数值交换完成
[2025-04-11 16:31:39.430] 进入顶吸模式！
[2025-04-11 16:31:39.430] 机器人运动的目标点x值为: 1316.83 , 目标点y值为: 1228.85 , 目标点z值为: 523.425 
[2025-04-11 16:31:39.430] 机器人运动的目标点姿态rx值为: -1.48 , 目标点姿态ry值为: 90 , 目标点姿态rz值为: 180 
[2025-04-11 16:31:39.430] 开始当前箱子顶吸码垛
[2025-04-11 16:31:39.430] 顶吸最左边取料模式（来料模式1/2）
[2025-04-11 16:31:39.551] 等待允许取料信号
[2025-04-11 16:31:42.153] 收到允许取料信号
[2025-04-11 16:31:42.153] 发送抓取的产品尺寸L: 500 , 产品尺寸W为: 395 , 产品尺寸H为: 300 , 产品数量:  1 
[2025-04-11 16:31:42.262] 运动到取料点（单箱）
[2025-04-11 16:31:42.262] 等待运动到取料点
[2025-04-11 16:31:42.590] 到达取料点
[2025-04-11 16:31:42.598] 打开吸盘中...
[2025-04-11 16:31:43.371] 打开吸盘完成
[2025-04-11 16:31:43.371] 发送机器人吸取ok
[2025-04-11 16:31:43.395] 等待允许机器人离开取料
[2025-04-11 16:31:44.129] 收到允许机器人离开取料信号
[2025-04-11 16:31:44.129] 发送取料完成信号
[2025-04-11 16:31:44.129] 顶吸最左边取料点上方（模式1/2，单箱）
[2025-04-11 16:31:44.350] 中间过渡点
[2025-04-11 16:31:44.350] 最左侧箱子模式
[2025-04-11 16:31:44.462] 运动到目标点后方过渡点
[2025-04-11 16:31:44.462] 不需要避开第一面地面
[2025-04-11 16:31:44.686] 等待运动到目标点...
[2025-04-11 16:31:47.295] 到达目标点
[2025-04-11 16:31:47.301] 关闭吸盘中...
[2025-04-11 16:31:47.513] 关闭吸盘完成
[2025-04-11 16:31:47.622] 机器人向上运动
[2025-04-11 16:31:47.622] 当前箱子顶吸码垛完成
[2025-04-11 16:31:47.734] 回到顶吸中间过渡点
[2025-04-11 16:31:47.734] 下一个待码垛箱子数值交换完成
[2025-04-11 16:31:47.734] 进入顶吸模式！
[2025-04-11 16:31:47.734] 机器人运动的目标点x值为: 1159.33 , 目标点y值为: -426.152 , 目标点z值为: 823.425 
[2025-04-11 16:31:47.734] 机器人运动的目标点姿态rx值为: -1.48 , 目标点姿态ry值为: 90 , 目标点姿态rz值为: 180 
[2025-04-11 16:31:47.734] 开始当前箱子顶吸码垛
[2025-04-11 16:31:47.734] 顶吸右边取料模式（来料模式3/4）
[2025-04-11 16:31:47.851] 等待允许取料信号
